Archive member included to satisfy reference by file (symbol)

C:/STM32_Workspace/STM32CubeIDE_1.19.0/STM32CubeIDE/plugins/com.st.stm32cube.ide.mcu.externaltools.gnu-tools-for-stm32.13.3.rel1.win32_1.0.0.202411081344/tools/bin/../lib/gcc/arm-none-eabi/13.3.1/../../../../arm-none-eabi/lib/thumb/v7e-m+dp/hard\libc_nano.a(libc_a-exit.o)
                              C:/STM32_Workspace/STM32CubeIDE_1.19.0/STM32CubeIDE/plugins/com.st.stm32cube.ide.mcu.externaltools.gnu-tools-for-stm32.13.3.rel1.win32_1.0.0.202411081344/tools/bin/../lib/gcc/arm-none-eabi/13.3.1/../../../../arm-none-eabi/lib/thumb/v7e-m+dp/hard/crt0.o (exit)
C:/STM32_Workspace/STM32CubeIDE_1.19.0/STM32CubeIDE/plugins/com.st.stm32cube.ide.mcu.externaltools.gnu-tools-for-stm32.13.3.rel1.win32_1.0.0.202411081344/tools/bin/../lib/gcc/arm-none-eabi/13.3.1/../../../../arm-none-eabi/lib/thumb/v7e-m+dp/hard\libc_nano.a(libc_a-findfp.o)
                              C:/STM32_Workspace/STM32CubeIDE_1.19.0/STM32CubeIDE/plugins/com.st.stm32cube.ide.mcu.externaltools.gnu-tools-for-stm32.13.3.rel1.win32_1.0.0.202411081344/tools/bin/../lib/gcc/arm-none-eabi/13.3.1/../../../../arm-none-eabi/lib/thumb/v7e-m+dp/hard\libc_nano.a(libc_a-exit.o) (__stdio_exit_handler)
C:/STM32_Workspace/STM32CubeIDE_1.19.0/STM32CubeIDE/plugins/com.st.stm32cube.ide.mcu.externaltools.gnu-tools-for-stm32.13.3.rel1.win32_1.0.0.202411081344/tools/bin/../lib/gcc/arm-none-eabi/13.3.1/../../../../arm-none-eabi/lib/thumb/v7e-m+dp/hard\libc_nano.a(libc_a-fwalk.o)
                              C:/STM32_Workspace/STM32CubeIDE_1.19.0/STM32CubeIDE/plugins/com.st.stm32cube.ide.mcu.externaltools.gnu-tools-for-stm32.13.3.rel1.win32_1.0.0.202411081344/tools/bin/../lib/gcc/arm-none-eabi/13.3.1/../../../../arm-none-eabi/lib/thumb/v7e-m+dp/hard\libc_nano.a(libc_a-findfp.o) (_fwalk_sglue)
C:/STM32_Workspace/STM32CubeIDE_1.19.0/STM32CubeIDE/plugins/com.st.stm32cube.ide.mcu.externaltools.gnu-tools-for-stm32.13.3.rel1.win32_1.0.0.202411081344/tools/bin/../lib/gcc/arm-none-eabi/13.3.1/../../../../arm-none-eabi/lib/thumb/v7e-m+dp/hard\libc_nano.a(libc_a-stdio.o)
                              C:/STM32_Workspace/STM32CubeIDE_1.19.0/STM32CubeIDE/plugins/com.st.stm32cube.ide.mcu.externaltools.gnu-tools-for-stm32.13.3.rel1.win32_1.0.0.202411081344/tools/bin/../lib/gcc/arm-none-eabi/13.3.1/../../../../arm-none-eabi/lib/thumb/v7e-m+dp/hard\libc_nano.a(libc_a-findfp.o) (__sread)
C:/STM32_Workspace/STM32CubeIDE_1.19.0/STM32CubeIDE/plugins/com.st.stm32cube.ide.mcu.externaltools.gnu-tools-for-stm32.13.3.rel1.win32_1.0.0.202411081344/tools/bin/../lib/gcc/arm-none-eabi/13.3.1/../../../../arm-none-eabi/lib/thumb/v7e-m+dp/hard\libc_nano.a(libc_a-memset.o)
                              C:/STM32_Workspace/STM32CubeIDE_1.19.0/STM32CubeIDE/plugins/com.st.stm32cube.ide.mcu.externaltools.gnu-tools-for-stm32.13.3.rel1.win32_1.0.0.202411081344/tools/bin/../lib/gcc/arm-none-eabi/13.3.1/../../../../arm-none-eabi/lib/thumb/v7e-m+dp/hard/crt0.o (memset)
C:/STM32_Workspace/STM32CubeIDE_1.19.0/STM32CubeIDE/plugins/com.st.stm32cube.ide.mcu.externaltools.gnu-tools-for-stm32.13.3.rel1.win32_1.0.0.202411081344/tools/bin/../lib/gcc/arm-none-eabi/13.3.1/../../../../arm-none-eabi/lib/thumb/v7e-m+dp/hard\libc_nano.a(libc_a-closer.o)
                              C:/STM32_Workspace/STM32CubeIDE_1.19.0/STM32CubeIDE/plugins/com.st.stm32cube.ide.mcu.externaltools.gnu-tools-for-stm32.13.3.rel1.win32_1.0.0.202411081344/tools/bin/../lib/gcc/arm-none-eabi/13.3.1/../../../../arm-none-eabi/lib/thumb/v7e-m+dp/hard\libc_nano.a(libc_a-stdio.o) (_close_r)
C:/STM32_Workspace/STM32CubeIDE_1.19.0/STM32CubeIDE/plugins/com.st.stm32cube.ide.mcu.externaltools.gnu-tools-for-stm32.13.3.rel1.win32_1.0.0.202411081344/tools/bin/../lib/gcc/arm-none-eabi/13.3.1/../../../../arm-none-eabi/lib/thumb/v7e-m+dp/hard\libc_nano.a(libc_a-reent.o)
                              C:/STM32_Workspace/STM32CubeIDE_1.19.0/STM32CubeIDE/plugins/com.st.stm32cube.ide.mcu.externaltools.gnu-tools-for-stm32.13.3.rel1.win32_1.0.0.202411081344/tools/bin/../lib/gcc/arm-none-eabi/13.3.1/../../../../arm-none-eabi/lib/thumb/v7e-m+dp/hard\libc_nano.a(libc_a-closer.o) (errno)
C:/STM32_Workspace/STM32CubeIDE_1.19.0/STM32CubeIDE/plugins/com.st.stm32cube.ide.mcu.externaltools.gnu-tools-for-stm32.13.3.rel1.win32_1.0.0.202411081344/tools/bin/../lib/gcc/arm-none-eabi/13.3.1/../../../../arm-none-eabi/lib/thumb/v7e-m+dp/hard\libc_nano.a(libc_a-impure.o)
                              C:/STM32_Workspace/STM32CubeIDE_1.19.0/STM32CubeIDE/plugins/com.st.stm32cube.ide.mcu.externaltools.gnu-tools-for-stm32.13.3.rel1.win32_1.0.0.202411081344/tools/bin/../lib/gcc/arm-none-eabi/13.3.1/../../../../arm-none-eabi/lib/thumb/v7e-m+dp/hard\libc_nano.a(libc_a-reent.o) (_impure_ptr)
[...]
Memory Configuration

Name             Origin             Length             Attributes
FLASH            0x08000000         0x00200000         xr
DTCMRAM          0x20000000         0x00020000         xrw
RAM_D1           0x24000000         0x00080000         xrw
RAM_D2           0x30000000         0x00048000         xrw
RAM_D3           0x38000000         0x00010000         xrw
ITCMRAM          0x00000000         0x00010000         xrw
*default*        0x00000000         0xffffffff

Linker script and memory map

LOAD C:/STM32_Workspace/STM32CubeIDE_1.19.0/STM32CubeIDE/plugins/com.st.stm32cube.ide.mcu.externaltools.gnu-tools-for-stm32.13.3.rel1.win32_1.0.0.202411081344/tools/bin/../lib/gcc/arm-none-eabi/13.3.1/thumb/v7e-m+dp/hard/crti.o
LOAD C:/STM32_Workspace/STM32CubeIDE_1.19.0/STM32CubeIDE/plugins/com.st.stm32cube.ide.mcu.externaltools.gnu-tools-for-stm32.13.3.rel1.win32_1.0.0.202411081344/tools/bin/../lib/gcc/arm-none-eabi/13.3.1/thumb/v7e-m+dp/hard/crtbegin.o
LOAD C:/STM32_Workspace/STM32CubeIDE_1.19.0/STM32CubeIDE/plugins/com.st.stm32cube.ide.mcu.externaltools.gnu-tools-for-stm32.13.3.rel1.win32_1.0.0.202411081344/tools/bin/../lib/gcc/arm-none-eabi/13.3.1/../../../../arm-none-eabi/lib/thumb/v7e-m+dp/hard/crt0.o
LOAD ./Core/Src/freertos.o
LOAD ./Core/Src/main.o
LOAD ./Core/Src/stm32h7xx_hal_msp.o
LOAD ./Core/Src/stm32h7xx_it.o
LOAD ./Core/Src/syscalls.o
LOAD ./Core/Src/sysmem.o
LOAD ./Core/Src/system_stm32h7xx.o
LOAD ./Core/Startup/startup_stm32h753zitx.o
LOAD ./Drivers/BSP/STM32H7xx_Nucleo/stm32h7xx_nucleo.o
LOAD ./Drivers/STM32H7xx_HAL_Driver/stm32h7xx_hal.o
LOAD ./Drivers/STM32H7xx_HAL_Driver/stm32h7xx_hal_cortex.o
LOAD ./Drivers/STM32H7xx_HAL_Driver/stm32h7xx_hal_dma.o
LOAD ./Drivers/STM32H7xx_HAL_Driver/stm32h7xx_hal_dma_ex.o
LOAD ./Drivers/STM32H7xx_HAL_Driver/stm32h7xx_hal_exti.o
LOAD ./Drivers/STM32H7xx_HAL_Driver/stm32h7xx_hal_flash.o
LOAD ./Drivers/STM32H7xx_HAL_Driver/stm32h7xx_hal_flash_ex.o
LOAD ./Drivers/STM32H7xx_HAL_Driver/stm32h7xx_hal_gpio.o
LOAD ./Drivers/STM32H7xx_HAL_Driver/stm32h7xx_hal_hsem.o
LOAD ./Drivers/STM32H7xx_HAL_Driver/stm32h7xx_hal_i2c.o
LOAD ./Drivers/STM32H7xx_HAL_Driver/stm32h7xx_hal_i2c_ex.o
LOAD ./Drivers/STM32H7xx_HAL_Driver/stm32h7xx_hal_mdma.o
LOAD ./Drivers/STM32H7xx_HAL_Driver/stm32h7xx_hal_pwr.o
LOAD ./Drivers/STM32H7xx_HAL_Driver/stm32h7xx_hal_pwr_ex.o
LOAD ./Drivers/STM32H7xx_HAL_Driver/stm32h7xx_hal_rcc.o
LOAD ./Drivers/STM32H7xx_HAL_Driver/stm32h7xx_hal_rcc_ex.o
LOAD ./Drivers/STM32H7xx_HAL_Driver/stm32h7xx_hal_tim.o
LOAD ./Drivers/STM32H7xx_HAL_Driver/stm32h7xx_hal_tim_ex.o
LOAD ./Drivers/STM32H7xx_HAL_Driver/stm32h7xx_hal_uart.o
LOAD ./Drivers/STM32H7xx_HAL_Driver/stm32h7xx_hal_uart_ex.o
LOAD ./Drivers/STM32H7xx_HAL_Driver/stm32h7xx_hal_usart.o
LOAD ./Drivers/STM32H7xx_HAL_Driver/stm32h7xx_hal_usart_ex.o
LOAD ./Middlewares/FreeRTOS/cmsis_os2.o
LOAD ./Middlewares/FreeRTOS/croutine.o
LOAD ./Middlewares/FreeRTOS/event_groups.o
LOAD ./Middlewares/FreeRTOS/heap_4.o
LOAD ./Middlewares/FreeRTOS/list.o
LOAD ./Middlewares/FreeRTOS/port.o
LOAD ./Middlewares/FreeRTOS/queue.o
LOAD ./Middlewares/FreeRTOS/stream_buffer.o
LOAD ./Middlewares/FreeRTOS/tasks.o
LOAD ./Middlewares/FreeRTOS/timers.o
START GROUP
LOAD C:/STM32_Workspace/STM32CubeIDE_1.19.0/STM32CubeIDE/plugins/com.st.stm32cube.ide.mcu.externaltools.gnu-tools-for-stm32.13.3.rel1.win32_1.0.0.202411081344/tools/bin/../lib/gcc/arm-none-eabi/13.3.1/../../../../arm-none-eabi/lib/thumb/v7e-m+dp/hard\libc_nano.a
LOAD C:/STM32_Workspace/STM32CubeIDE_1.19.0/STM32CubeIDE/plugins/com.st.stm32cube.ide.mcu.externaltools.gnu-tools-for-stm32.13.3.rel1.win32_1.0.0.202411081344/tools/bin/../lib/gcc/arm-none-eabi/13.3.1/../../../../arm-none-eabi/lib/thumb/v7e-m+dp/hard\libm.a
END GROUP
START GROUP
LOAD C:/STM32_Workspace/STM32CubeIDE_1.19.0/STM32CubeIDE/plugins/com.st.stm32cube.ide.mcu.externaltools.gnu-tools-for-stm32.13.3.rel1.win32_1.0.0.202411081344/tools/bin/../lib/gcc/arm-none-eabi/13.3.1/thumb/v7e-m+dp/hard\libgcc.a
LOAD C:/STM32_Workspace/STM32CubeIDE_1.19.0/STM32CubeIDE/plugins/com.st.stm32cube.ide.mcu.externaltools.gnu-tools-for-stm32.13.3.rel1.win32_1.0.0.202411081344/tools/bin/../lib/gcc/arm-none-eabi/13.3.1/../../../../arm-none-eabi/lib/thumb/v7e-m+dp/hard\libc_nano.a
END GROUP
START GROUP
LOAD C:/STM32_Workspace/STM32CubeIDE_1.19.0/STM32CubeIDE/plugins/com.st.stm32cube.ide.mcu.externaltools.gnu-tools-for-stm32.13.3.rel1.win32_1.0.0.202411081344/tools/bin/../lib/gcc/arm-none-eabi/13.3.1/thumb/v7e-m+dp/hard\libgcc.a
LOAD C:/STM32_Workspace/STM32CubeIDE_1.19.0/STM32CubeIDE/plugins/com.st.stm32cube.ide.mcu.externaltools.gnu-tools-for-stm32.13.3.rel1.win32_1.0.0.202411081344/tools/bin/../lib/gcc/arm-none-eabi/13.3.1/../../../../arm-none-eabi/lib/thumb/v7e-m+dp/hard\libc_nano.a
LOAD C:/STM32_Workspace/STM32CubeIDE_1.19.0/STM32CubeIDE/plugins/com.st.stm32cube.ide.mcu.externaltools.gnu-tools-for-stm32.13.3.rel1.win32_1.0.0.202411081344/tools/bin/../lib/gcc/arm-none-eabi/13.3.1/../../../../arm-none-eabi/lib/thumb/v7e-m+dp/hard\libnosys.a
END GROUP
START GROUP
LOAD C:/STM32_Workspace/STM32CubeIDE_1.19.0/STM32CubeIDE/plugins/com.st.stm32cube.ide.mcu.externaltools.gnu-tools-for-stm32.13.3.rel1.win32_1.0.0.202411081344/tools/bin/../lib/gcc/arm-none-eabi/13.3.1/thumb/v7e-m+dp/hard\libgcc.a
LOAD C:/STM32_Workspace/STM32CubeIDE_1.19.0/STM32CubeIDE/plugins/com.st.stm32cube.ide.mcu.externaltools.gnu-tools-for-stm32.13.3.rel1.win32_1.0.0.202411081344/tools/bin/../lib/gcc/arm-none-eabi/13.3.1/../../../../arm-none-eabi/lib/thumb/v7e-m+dp/hard\libc_nano.a
LOAD C:/STM32_Workspace/STM32CubeIDE_1.19.0/STM32CubeIDE/plugins/com.st.stm32cube.ide.mcu.externaltools.gnu-tools-for-stm32.13.3.rel1.win32_1.0.0.202411081344/tools/bin/../lib/gcc/arm-none-eabi/13.3.1/../../../../arm-none-eabi/lib/thumb/v7e-m+dp/hard\libnosys.a
END GROUP
LOAD C:/STM32_Workspace/STM32CubeIDE_1.19.0/STM32CubeIDE/plugins/com.st.stm32cube.ide.mcu.externaltools.gnu-tools-for-stm32.13.3.rel1.win32_1.0.0.202411081344/tools/bin/../lib/gcc/arm-none-eabi/13.3.1/thumb/v7e-m+dp/hard/crtend.o
LOAD C:/STM32_Workspace/STM32CubeIDE_1.19.0/STM32CubeIDE/plugins/com.st.stm32cube.ide.mcu.externaltools.gnu-tools-for-stm32.13.3.rel1.win32_1.0.0.202411081344/tools/bin/../lib/gcc/arm-none-eabi/13.3.1/thumb/v7e-m+dp/hard/crtn.o
                0x24080000                        _estack = (ORIGIN (RAM_D1) + LENGTH (RAM_D1))
                0x00000200                        _Min_Heap_Size = 0x200
                0x00000400                        _Min_Stack_Size = 0x400

.isr_vector     0x08000000      0x298
                0x08000000                        . = ALIGN (0x4)
 *(.isr_vector)
 .isr_vector    0x08000000      0x298 ./Core/Startup/startup_stm32h753zitx.o
                0x08000000                g_pfnVectors
                0x08000298                        . = ALIGN (0x4)

.text           0x080002a0     0x6568
                0x080002a0                        . = ALIGN (0x4)
 *(.text)
 .text          0x080002a0       0x40 C:/STM32_Workspace/STM32CubeIDE_1.19.0/STM32CubeIDE/plugins/com.st.stm32cube.ide.mcu.externaltools.gnu-tools-for-stm32.13.3.rel1.win32_1.0.0.202411081344/tools/bin/../lib/gcc/arm-none-eabi/13.3.1/thumb/v7e-m+dp/hard/crtbegin.o
 .text          0x080002e0       0x30 C:/STM32_Workspace/STM32CubeIDE_1.19.0/STM32CubeIDE/plugins/com.st.stm32cube.ide.mcu.externaltools.gnu-tools-for-stm32.13.3.rel1.win32_1.0.0.202411081344/tools/bin/../lib/gcc/arm-none-eabi/13.3.1/thumb/v7e-m+dp/hard\libgcc.a(_aeabi_uldivmod.o)
                0x080002e0                __aeabi_uldivmod
 .text          0x08000310      0x2f8 C:/STM32_Workspace/STM32CubeIDE_1.19.0/STM32CubeIDE/plugins/com.st.stm32cube.ide.mcu.externaltools.gnu-tools-for-stm32.13.3.rel1.win32_1.0.0.202411081344/tools/bin/../lib/gcc/arm-none-eabi/13.3.1/thumb/v7e-m+dp/hard\libgcc.a(_udivmoddi4.o)
                0x08000310                __udivmoddi4
 .text          0x08000608        0x4 C:/STM32_Workspace/STM32CubeIDE_1.19.0/STM32CubeIDE/plugins/com.st.stm32cube.ide.mcu.externaltools.gnu-tools-for-stm32.13.3.rel1.win32_1.0.0.202411081344/tools/bin/../lib/gcc/arm-none-eabi/13.3.1/thumb/v7e-m+dp/hard\libgcc.a(_dvmd_tls.o)
                0x08000608                __aeabi_idiv0
                0x08000608                __aeabi_ldiv0
 *(.text*)
 .text.main     0x0800060c       0xa4 ./Core/Src/main.o
                0x0800060c                main
 .text.SystemClock_Config
                0x080006b0       0xd4 ./Core/Src/main.o
                0x080006b0                SystemClock_Config
 .text.MX_GPIO_Init
                0x08000784       0xf4 ./Core/Src/main.o
 .text.StartDefaultTask
                0x08000878       0x20 ./Core/Src/main.o
                0x08000878                StartDefaultTask
 .text.StartTask
                0x08000898       0x10 ./Core/Src/main.o
                0x08000898                StartTask
 .text.Error_Handler
                0x080008a8        0xc ./Core/Src/main.o
                0x080008a8                Error_Handler
 .text.HAL_MspInit
                0x080008b4       0x3c ./Core/Src/stm32h7xx_hal_msp.o
                0x080008b4                HAL_MspInit
 .text.NMI_Handler
                0x080008f0        0x8 ./Core/Src/stm32h7xx_it.o
                0x080008f0                NMI_Handler
 .text.HardFault_Handler
                0x080008f8        0x8 ./Core/Src/stm32h7xx_it.o
                0x080008f8                HardFault_Handler
 .text.MemManage_Handler
                0x08000900        0x8 ./Core/Src/stm32h7xx_it.o
                0x08000900                MemManage_Handler
 .text.BusFault_Handler
                0x08000908        0x8 ./Core/Src/stm32h7xx_it.o
                0x08000908                BusFault_Handler
 .text.UsageFault_Handler
                0x08000910        0x8 ./Core/Src/stm32h7xx_it.o
                0x08000910                UsageFault_Handler
 .text.DebugMon_Handler
                0x08000918        0xe ./Core/Src/stm32h7xx_it.o
                0x08000918                DebugMon_Handler
 .text.SysTick_Handler
                0x08000926       0x1a ./Core/Src/stm32h7xx_it.o
                0x08000926                SysTick_Handler
 .text.EXTI15_10_IRQHandler
                0x08000940        0xe ./Core/Src/stm32h7xx_it.o
                0x08000940                EXTI15_10_IRQHandler
 *fill*         0x0800094e        0x2 
 .text.SystemInit
                0x08000950      0x140 ./Core/Src/system_stm32h7xx.o
                0x08000950                SystemInit
 .text.ExitRun0Mode
                0x08000a90       0x30 ./Core/Src/system_stm32h7xx.o
                0x08000a90                ExitRun0Mode
 .text.Reset_Handler
                0x08000ac0       0x54 ./Core/Startup/startup_stm32h753zitx.o
                0x08000ac0                Reset_Handler
 .text.Default_Handler
                0x08000b14        0x2 ./Core/Startup/startup_stm32h753zitx.o
                0x08000b14                RTC_Alarm_IRQHandler
                0x08000b14                HASH_RNG_IRQHandler
                0x08000b14                EXTI2_IRQHandler
                0x08000b14                TIM8_CC_IRQHandler
                0x08000b14                HRTIM1_Master_IRQHandler
                0x08000b14                UART8_IRQHandler
                0x08000b14                SPI4_IRQHandler
                0x08000b14                TIM1_CC_IRQHandler
                0x08000b14                BDMA_Channel6_IRQHandler
                0x08000b14                DMA2_Stream5_IRQHandler
                0x08000b14                HRTIM1_FLT_IRQHandler
                0x08000b14                JPEG_IRQHandler
                0x08000b14                DMA1_Stream5_IRQHandler
                0x08000b14                BDMA_Channel1_IRQHandler
                0x08000b14                HRTIM1_TIMD_IRQHandler
                0x08000b14                TAMP_STAMP_IRQHandler
                0x08000b14                EXTI3_IRQHandler
                0x08000b14                LPTIM4_IRQHandler
                0x08000b14                TIM8_TRG_COM_TIM14_IRQHandler
                0x08000b14                LPTIM2_IRQHandler
                0x08000b14                DFSDM1_FLT1_IRQHandler
                0x08000b14                DMAMUX2_OVR_IRQHandler
                0x08000b14                TIM8_UP_TIM13_IRQHandler
                0x08000b14                I2C3_ER_IRQHandler
                0x08000b14                DFSDM1_FLT2_IRQHandler
                0x08000b14                MDMA_IRQHandler
                0x08000b14                LPTIM3_IRQHandler
                0x08000b14                HSEM1_IRQHandler
                0x08000b14                EXTI0_IRQHandler
                0x08000b14                I2C2_EV_IRQHandler
                0x08000b14                DMA1_Stream2_IRQHandler
                0x08000b14                FPU_IRQHandler
                0x08000b14                OTG_HS_WKUP_IRQHandler
                0x08000b14                FDCAN1_IT1_IRQHandler
                0x08000b14                LTDC_ER_IRQHandler
                0x08000b14                DMA2_Stream2_IRQHandler
                0x08000b14                HRTIM1_TIME_IRQHandler
                0x08000b14                SPI1_IRQHandler
                0x08000b14                TIM6_DAC_IRQHandler
                0x08000b14                DCMI_IRQHandler
                0x08000b14                HRTIM1_TIMC_IRQHandler
                0x08000b14                DMA2_Stream3_IRQHandler
                0x08000b14                SAI2_IRQHandler
                0x08000b14                DFSDM1_FLT3_IRQHandler
                0x08000b14                USART6_IRQHandler
                0x08000b14                TIM17_IRQHandler
                0x08000b14                USART3_IRQHandler
                0x08000b14                BDMA_Channel7_IRQHandler
                0x08000b14                CRYP_IRQHandler
                0x08000b14                LPTIM5_IRQHandler
                0x08000b14                UART5_IRQHandler
                0x08000b14                ADC3_IRQHandler
                0x08000b14                DMA2_Stream0_IRQHandler
                0x08000b14                TIM4_IRQHandler
                0x08000b14                BDMA_Channel2_IRQHandler
                0x08000b14                QUADSPI_IRQHandler
                0x08000b14                I2C1_EV_IRQHandler
                0x08000b14                DMA1_Stream6_IRQHandler
                0x08000b14                DMAMUX1_OVR_IRQHandler
                0x08000b14                DMA1_Stream1_IRQHandler
                0x08000b14                TIM16_IRQHandler
                0x08000b14                UART4_IRQHandler
                0x08000b14                BDMA_Channel5_IRQHandler
                0x08000b14                TIM3_IRQHandler
                0x08000b14                RCC_IRQHandler
                0x08000b14                TIM8_BRK_TIM12_IRQHandler
                0x08000b14                TIM1_TRG_COM_IRQHandler
                0x08000b14                Default_Handler
                0x08000b14                ECC_IRQHandler
                0x08000b14                CEC_IRQHandler
                0x08000b14                BDMA_Channel0_IRQHandler
                0x08000b14                ADC_IRQHandler
                0x08000b14                DMA1_Stream7_IRQHandler
                0x08000b14                HRTIM1_TIMA_IRQHandler
                0x08000b14                SPI5_IRQHandler
                0x08000b14                TIM7_IRQHandler
                0x08000b14                SDMMC1_IRQHandler
                0x08000b14                TIM5_IRQHandler
                0x08000b14                DMA2_Stream7_IRQHandler
                0x08000b14                TIM15_IRQHandler
                0x08000b14                PVD_AVD_IRQHandler
                0x08000b14                I2C3_EV_IRQHandler
                0x08000b14                EXTI9_5_IRQHandler
                0x08000b14                RTC_WKUP_IRQHandler
                0x08000b14                LTDC_IRQHandler
                0x08000b14                SAI3_IRQHandler
                0x08000b14                ETH_WKUP_IRQHandler
                0x08000b14                SPDIF_RX_IRQHandler
                0x08000b14                SPI2_IRQHandler
                0x08000b14                OTG_HS_EP1_IN_IRQHandler
                0x08000b14                DMA1_Stream0_IRQHandler
                0x08000b14                CRS_IRQHandler
                0x08000b14                EXTI4_IRQHandler
                0x08000b14                HRTIM1_TIMB_IRQHandler
                0x08000b14                FDCAN2_IT1_IRQHandler
                0x08000b14                ETH_IRQHandler
                0x08000b14                TIM1_UP_IRQHandler
                0x08000b14                BDMA_Channel4_IRQHandler
                0x08000b14                OTG_HS_EP1_OUT_IRQHandler
                0x08000b14                WWDG_IRQHandler
                0x08000b14                SPI6_IRQHandler
                0x08000b14                MDIOS_IRQHandler
                0x08000b14                I2C4_EV_IRQHandler
                0x08000b14                FDCAN2_IT0_IRQHandler
                0x08000b14                LPUART1_IRQHandler
                0x08000b14                FDCAN1_IT0_IRQHandler
                0x08000b14                TIM2_IRQHandler
                0x08000b14                OTG_FS_WKUP_IRQHandler
                0x08000b14                OTG_HS_IRQHandler
                0x08000b14                DMA2D_IRQHandler
                0x08000b14                TIM1_BRK_IRQHandler
                0x08000b14                EXTI1_IRQHandler
                0x08000b14                SDMMC2_IRQHandler
                0x08000b14                OTG_FS_EP1_OUT_IRQHandler
                0x08000b14                BDMA_Channel3_IRQHandler
                0x08000b14                UART7_IRQHandler
                0x08000b14                MDIOS_WKUP_IRQHandler
                0x08000b14                USART2_IRQHandler
                0x08000b14                DFSDM1_FLT0_IRQHandler
                0x08000b14                SAI4_IRQHandler
                0x08000b14                I2C2_ER_IRQHandler
                0x08000b14                DMA2_Stream1_IRQHandler
                0x08000b14                FLASH_IRQHandler
                0x08000b14                DMA2_Stream4_IRQHandler
                0x08000b14                USART1_IRQHandler
                0x08000b14                OTG_FS_IRQHandler
                0x08000b14                SPI3_IRQHandler
                0x08000b14                WAKEUP_PIN_IRQHandler
                0x08000b14                DMA1_Stream4_IRQHandler
                0x08000b14                OTG_FS_EP1_IN_IRQHandler
                0x08000b14                I2C1_ER_IRQHandler
                0x08000b14                FMC_IRQHandler
                0x08000b14                FDCAN_CAL_IRQHandler
                0x08000b14                SWPMI1_IRQHandler
                0x08000b14                COMP1_IRQHandler
                0x08000b14                LPTIM1_IRQHandler
                0x08000b14                I2C4_ER_IRQHandler
                0x08000b14                DMA2_Stream6_IRQHandler
                0x08000b14                SAI1_IRQHandler
                0x08000b14                DMA1_Stream3_IRQHandler
 *fill*         0x08000b16        0x2 
 .text.BSP_LED_Init
                0x08000b18       0xec ./Drivers/BSP/STM32H7xx_Nucleo/stm32h7xx_nucleo.o
                0x08000b18                BSP_LED_Init
 .text.BSP_PB_Init
                0x08000c04       0xe4 ./Drivers/BSP/STM32H7xx_Nucleo/stm32h7xx_nucleo.o
                0x08000c04                BSP_PB_Init
 .text.BSP_PB_IRQHandler
                0x08000ce8       0x24 ./Drivers/BSP/STM32H7xx_Nucleo/stm32h7xx_nucleo.o
                0x08000ce8                BSP_PB_IRQHandler
 .text.BSP_PB_Callback
                0x08000d0c       0x16 ./Drivers/BSP/STM32H7xx_Nucleo/stm32h7xx_nucleo.o
                0x08000d0c                BSP_PB_Callback
 *fill*         0x08000d22        0x2 
 .text.BSP_COM_Init
                0x08000d24       0x60 ./Drivers/BSP/STM32H7xx_Nucleo/stm32h7xx_nucleo.o
                0x08000d24                BSP_COM_Init
 .text.MX_USART3_Init
                0x08000d84       0x64 ./Drivers/BSP/STM32H7xx_Nucleo/stm32h7xx_nucleo.o
                0x08000d84                MX_USART3_Init
 .text.BUTTON_USER_EXTI_Callback
                0x08000de8        0xe ./Drivers/BSP/STM32H7xx_Nucleo/stm32h7xx_nucleo.o
 *fill*         0x08000df6        0x2 
 .text.COM1_MspInit
                0x08000df8       0xb0 ./Drivers/BSP/STM32H7xx_Nucleo/stm32h7xx_nucleo.o
 .text.HAL_Init
                0x08000ea8       0x78 ./Drivers/STM32H7xx_HAL_Driver/stm32h7xx_hal.o
                0x08000ea8                HAL_Init
 .text.HAL_InitTick
                0x08000f20       0x6c ./Drivers/STM32H7xx_HAL_Driver/stm32h7xx_hal.o
                0x08000f20                HAL_InitTick
 .text.HAL_IncTick
                0x08000f8c       0x28 ./Drivers/STM32H7xx_HAL_Driver/stm32h7xx_hal.o
                0x08000f8c                HAL_IncTick
 .text.HAL_GetTick
                0x08000fb4       0x18 ./Drivers/STM32H7xx_HAL_Driver/stm32h7xx_hal.o
                0x08000fb4                HAL_GetTick
 .text.HAL_GetREVID
                0x08000fcc       0x18 ./Drivers/STM32H7xx_HAL_Driver/stm32h7xx_hal.o
                0x08000fcc                HAL_GetREVID
 .text.__NVIC_SetPriorityGrouping
                0x08000fe4       0x48 ./Drivers/STM32H7xx_HAL_Driver/stm32h7xx_hal_cortex.o
 .text.__NVIC_GetPriorityGrouping
                0x0800102c       0x1c ./Drivers/STM32H7xx_HAL_Driver/stm32h7xx_hal_cortex.o
 .text.__NVIC_EnableIRQ
                0x08001048       0x3c ./Drivers/STM32H7xx_HAL_Driver/stm32h7xx_hal_cortex.o
 .text.__NVIC_SetPriority
                0x08001084       0x54 ./Drivers/STM32H7xx_HAL_Driver/stm32h7xx_hal_cortex.o
 .text.NVIC_EncodePriority
                0x080010d8       0x66 ./Drivers/STM32H7xx_HAL_Driver/stm32h7xx_hal_cortex.o
 *fill*         0x0800113e        0x2 
 .text.SysTick_Config
                0x08001140       0x44 ./Drivers/STM32H7xx_HAL_Driver/stm32h7xx_hal_cortex.o
 .text.HAL_NVIC_SetPriorityGrouping
                0x08001184       0x16 ./Drivers/STM32H7xx_HAL_Driver/stm32h7xx_hal_cortex.o
                0x08001184                HAL_NVIC_SetPriorityGrouping
 .text.HAL_NVIC_SetPriority
                0x0800119a       0x34 ./Drivers/STM32H7xx_HAL_Driver/stm32h7xx_hal_cortex.o
                0x0800119a                HAL_NVIC_SetPriority
 .text.HAL_NVIC_EnableIRQ
                0x080011ce       0x1c ./Drivers/STM32H7xx_HAL_Driver/stm32h7xx_hal_cortex.o
                0x080011ce                HAL_NVIC_EnableIRQ
 .text.HAL_SYSTICK_Config
                0x080011ea       0x18 ./Drivers/STM32H7xx_HAL_Driver/stm32h7xx_hal_cortex.o
                0x080011ea                HAL_SYSTICK_Config
 .text.HAL_EXTI_RegisterCallback
                0x08001202       0x3e ./Drivers/STM32H7xx_HAL_Driver/stm32h7xx_hal_exti.o
                0x08001202                HAL_EXTI_RegisterCallback
 .text.HAL_EXTI_GetHandle
                0x08001240       0x28 ./Drivers/STM32H7xx_HAL_Driver/stm32h7xx_hal_exti.o
                0x08001240                HAL_EXTI_GetHandle
 .text.HAL_EXTI_IRQHandler
                0x08001268       0x60 ./Drivers/STM32H7xx_HAL_Driver/stm32h7xx_hal_exti.o
                0x08001268                HAL_EXTI_IRQHandler
 .text.HAL_GPIO_Init
                0x080012c8      0x360 ./Drivers/STM32H7xx_HAL_Driver/stm32h7xx_hal_gpio.o
                0x080012c8                HAL_GPIO_Init
 .text.HAL_GPIO_WritePin
                0x08001628       0x32 ./Drivers/STM32H7xx_HAL_Driver/stm32h7xx_hal_gpio.o
                0x08001628                HAL_GPIO_WritePin
 .text.HAL_GPIO_TogglePin
                0x0800165a       0x34 ./Drivers/STM32H7xx_HAL_Driver/stm32h7xx_hal_gpio.o
                0x0800165a                HAL_GPIO_TogglePin
 *fill*         0x0800168e        0x2 
 .text.HAL_PWREx_ConfigSupply
                0x08001690       0x74 ./Drivers/STM32H7xx_HAL_Driver/stm32h7xx_hal_pwr_ex.o
                0x08001690                HAL_PWREx_ConfigSupply
 .text.HAL_RCC_OscConfig
                0x08001704      0x8b4 ./Drivers/STM32H7xx_HAL_Driver/stm32h7xx_hal_rcc.o
                0x08001704                HAL_RCC_OscConfig
 .text.HAL_RCC_ClockConfig
                0x08001fb8      0x36c ./Drivers/STM32H7xx_HAL_Driver/stm32h7xx_hal_rcc.o
                0x08001fb8                HAL_RCC_ClockConfig
 .text.HAL_RCC_GetSysClockFreq
                0x08002324      0x2f4 ./Drivers/STM32H7xx_HAL_Driver/stm32h7xx_hal_rcc.o
                0x08002324                HAL_RCC_GetSysClockFreq
 .text.HAL_RCC_GetHCLKFreq
                0x08002618       0x60 ./Drivers/STM32H7xx_HAL_Driver/stm32h7xx_hal_rcc.o
                0x08002618                HAL_RCC_GetHCLKFreq
 .text.HAL_RCC_GetPCLK1Freq
                0x08002678       0x2c ./Drivers/STM32H7xx_HAL_Driver/stm32h7xx_hal_rcc.o
                0x08002678                HAL_RCC_GetPCLK1Freq
 .text.HAL_RCC_GetPCLK2Freq
                0x080026a4       0x2c ./Drivers/STM32H7xx_HAL_Driver/stm32h7xx_hal_rcc.o
                0x080026a4                HAL_RCC_GetPCLK2Freq
 .text.HAL_RCCEx_GetD3PCLK1Freq
                0x080026d0       0x2c ./Drivers/STM32H7xx_HAL_Driver/stm32h7xx_hal_rcc_ex.o
                0x080026d0                HAL_RCCEx_GetD3PCLK1Freq
 .text.HAL_RCCEx_GetPLL2ClockFreq
                0x080026fc      0x2a8 ./Drivers/STM32H7xx_HAL_Driver/stm32h7xx_hal_rcc_ex.o
                0x080026fc                HAL_RCCEx_GetPLL2ClockFreq
 .text.HAL_RCCEx_GetPLL3ClockFreq
                0x080029a4      0x2a8 ./Drivers/STM32H7xx_HAL_Driver/stm32h7xx_hal_rcc_ex.o
                0x080029a4                HAL_RCCEx_GetPLL3ClockFreq
 .text.HAL_UART_Init
                0x08002c4c       0xa0 ./Drivers/STM32H7xx_HAL_Driver/stm32h7xx_hal_uart.o
                0x08002c4c                HAL_UART_Init
 .text.HAL_UART_MspInit
                0x08002cec       0x14 ./Drivers/STM32H7xx_HAL_Driver/stm32h7xx_hal_uart.o
                0x08002cec                HAL_UART_MspInit
 .text.UART_SetConfig
                0x08002d00      0xad0 ./Drivers/STM32H7xx_HAL_Driver/stm32h7xx_hal_uart.o
                0x08002d00                UART_SetConfig
 .text.UART_AdvFeatureConfig
                0x080037d0      0x144 ./Drivers/STM32H7xx_HAL_Driver/stm32h7xx_hal_uart.o
                0x080037d0                UART_AdvFeatureConfig
 .text.UART_CheckIdleState
                0x08003914      0x154 ./Drivers/STM32H7xx_HAL_Driver/stm32h7xx_hal_uart.o
                0x08003914                UART_CheckIdleState
 .text.UART_WaitOnFlagUntilTimeout
                0x08003a68       0xda ./Drivers/STM32H7xx_HAL_Driver/stm32h7xx_hal_uart.o
                0x08003a68                UART_WaitOnFlagUntilTimeout
 *fill*         0x08003b42        0x2 
 .text.UART_EndRxTransfer
                0x08003b44       0xcc ./Drivers/STM32H7xx_HAL_Driver/stm32h7xx_hal_uart.o
 .text.__NVIC_SetPriority
                0x08003c10       0x54 ./Middlewares/FreeRTOS/cmsis_os2.o
 .text.SVC_Setup
                0x08003c64       0x12 ./Middlewares/FreeRTOS/cmsis_os2.o
 *fill*         0x08003c76        0x2 
 .text.osKernelInitialize
                0x08003c78       0x48 ./Middlewares/FreeRTOS/cmsis_os2.o
                0x08003c78                osKernelInitialize
 .text.osKernelStart
                0x08003cc0       0x4c ./Middlewares/FreeRTOS/cmsis_os2.o
                0x08003cc0                osKernelStart
 .text.osThreadNew
                0x08003d0c      0x124 ./Middlewares/FreeRTOS/cmsis_os2.o
                0x08003d0c                osThreadNew
 .text.osDelay  0x08003e30       0x36 ./Middlewares/FreeRTOS/cmsis_os2.o
                0x08003e30                osDelay
 *fill*         0x08003e66        0x2 
 .text.vApplicationGetIdleTaskMemory
                0x08003e68       0x34 ./Middlewares/FreeRTOS/cmsis_os2.o
                0x08003e68                vApplicationGetIdleTaskMemory
 .text.vApplicationGetTimerTaskMemory
                0x08003e9c       0x34 ./Middlewares/FreeRTOS/cmsis_os2.o
                0x08003e9c                vApplicationGetTimerTaskMemory
 .text.pvPortMalloc
                0x08003ed0      0x19c ./Middlewares/FreeRTOS/heap_4.o
                0x08003ed0                pvPortMalloc
 .text.vPortFree
                0x0800406c       0xc8 ./Middlewares/FreeRTOS/heap_4.o
                0x0800406c                vPortFree
 .text.prvHeapInit
                0x08004134       0xc4 ./Middlewares/FreeRTOS/heap_4.o
 .text.prvInsertBlockIntoFreeList
                0x080041f8       0xb4 ./Middlewares/FreeRTOS/heap_4.o
 .text.vListInitialise
                0x080042ac       0x40 ./Middlewares/FreeRTOS/list.o
                0x080042ac                vListInitialise
 .text.vListInitialiseItem
                0x080042ec       0x1a ./Middlewares/FreeRTOS/list.o
                0x080042ec                vListInitialiseItem
 .text.vListInsertEnd
                0x08004306       0x48 ./Middlewares/FreeRTOS/list.o
                0x08004306                vListInsertEnd
 .text.vListInsert
                0x0800434e       0x72 ./Middlewares/FreeRTOS/list.o
                0x0800434e                vListInsert
 .text.uxListRemove
                0x080043c0       0x54 ./Middlewares/FreeRTOS/list.o
                0x080043c0                uxListRemove
 .text.pxPortInitialiseStack
                0x08004414       0x68 ./Middlewares/FreeRTOS/port.o
                0x08004414                pxPortInitialiseStack
 .text.prvTaskExitError
                0x0800447c       0x5c ./Middlewares/FreeRTOS/port.o
 *fill*         0x080044d8        0x8 
 .text.SVC_Handler
                0x080044e0       0x28 ./Middlewares/FreeRTOS/port.o
                0x080044e0                SVC_Handler
 .text.prvPortStartFirstTask
                0x08004508       0x28 ./Middlewares/FreeRTOS/port.o
 .text.xPortStartScheduler
                0x08004530      0x148 ./Middlewares/FreeRTOS/port.o
                0x08004530                xPortStartScheduler
 .text.vPortEnterCritical
                0x08004678       0x64 ./Middlewares/FreeRTOS/port.o
                0x08004678                vPortEnterCritical
 .text.vPortExitCritical
                0x080046dc       0x54 ./Middlewares/FreeRTOS/port.o
                0x080046dc                vPortExitCritical
 .text.PendSV_Handler
                0x08004730       0x68 ./Middlewares/FreeRTOS/port.o
                0x08004730                PendSV_Handler
 .text.xPortSysTickHandler
                0x08004798       0x44 ./Middlewares/FreeRTOS/port.o
                0x08004798                xPortSysTickHandler
 .text.vPortSetupTimerInterrupt
                0x080047dc       0x48 ./Middlewares/FreeRTOS/port.o
                0x080047dc                vPortSetupTimerInterrupt
 .text.vPortEnableVFP
                0x08004824       0x14 ./Middlewares/FreeRTOS/port.o
 .text.vPortValidateInterruptPriority
                0x08004838       0x84 ./Middlewares/FreeRTOS/port.o
                0x08004838                vPortValidateInterruptPriority
 .text.xQueueGenericReset
                0x080048bc       0xd4 ./Middlewares/FreeRTOS/queue.o
                0x080048bc                xQueueGenericReset
 .text.xQueueGenericCreateStatic
                0x08004990       0xfa ./Middlewares/FreeRTOS/queue.o
                0x08004990                xQueueGenericCreateStatic
 .text.prvInitialiseNewQueue
                0x08004a8a       0x46 ./Middlewares/FreeRTOS/queue.o
 .text.xQueueGenericSend
                0x08004ad0      0x204 ./Middlewares/FreeRTOS/queue.o
                0x08004ad0                xQueueGenericSend
 .text.xQueueGenericSendFromISR
                0x08004cd4      0x13c ./Middlewares/FreeRTOS/queue.o
                0x08004cd4                xQueueGenericSendFromISR
 .text.xQueueReceive
                0x08004e10      0x1c4 ./Middlewares/FreeRTOS/queue.o
                0x08004e10                xQueueReceive
 .text.prvCopyDataToQueue
                0x08004fd4       0xd4 ./Middlewares/FreeRTOS/queue.o
 .text.prvCopyDataFromQueue
                0x080050a8       0x4c ./Middlewares/FreeRTOS/queue.o
 .text.prvUnlockQueue
                0x080050f4       0xa4 ./Middlewares/FreeRTOS/queue.o
 .text.prvIsQueueEmpty
                0x08005198       0x2c ./Middlewares/FreeRTOS/queue.o
 .text.prvIsQueueFull
                0x080051c4       0x30 ./Middlewares/FreeRTOS/queue.o
 .text.vQueueAddToRegistry
                0x080051f4       0x54 ./Middlewares/FreeRTOS/queue.o
                0x080051f4                vQueueAddToRegistry
 .text.vQueueWaitForMessageRestricted
                0x08005248       0x68 ./Middlewares/FreeRTOS/queue.o
                0x08005248                vQueueWaitForMessageRestricted
 .text.xTaskCreateStatic
                0x080052b0       0xc0 ./Middlewares/FreeRTOS/tasks.o
                0x080052b0                xTaskCreateStatic
 .text.xTaskCreate
                0x08005370       0x8a ./Middlewares/FreeRTOS/tasks.o
                0x08005370                xTaskCreate
 .text.prvInitialiseNewTask
                0x080053fa      0x120 ./Middlewares/FreeRTOS/tasks.o
 *fill*         0x0800551a        0x2 
 .text.prvAddNewTaskToReadyList
                0x0800551c       0xe0 ./Middlewares/FreeRTOS/tasks.o
 .text.vTaskDelay
                0x080055fc       0x6c ./Middlewares/FreeRTOS/tasks.o
                0x080055fc                vTaskDelay
 .text.vTaskStartScheduler
                0x08005668       0xd0 ./Middlewares/FreeRTOS/tasks.o
                0x08005668                vTaskStartScheduler
 .text.vTaskSuspendAll
                0x08005738       0x1c ./Middlewares/FreeRTOS/tasks.o
                0x08005738                vTaskSuspendAll
 .text.xTaskResumeAll
                0x08005754      0x13c ./Middlewares/FreeRTOS/tasks.o
                0x08005754                xTaskResumeAll
 .text.xTaskGetTickCount
                0x08005890       0x20 ./Middlewares/FreeRTOS/tasks.o
                0x08005890                xTaskGetTickCount
 .text.xTaskIncrementTick
                0x080058b0      0x174 ./Middlewares/FreeRTOS/tasks.o
                0x080058b0                xTaskIncrementTick
 .text.vTaskSwitchContext
                0x08005a24       0xbc ./Middlewares/FreeRTOS/tasks.o
                0x08005a24                vTaskSwitchContext
 .text.vTaskPlaceOnEventList
                0x08005ae0       0x4c ./Middlewares/FreeRTOS/tasks.o
                0x08005ae0                vTaskPlaceOnEventList
 .text.vTaskPlaceOnEventListRestricted
                0x08005b2c       0x58 ./Middlewares/FreeRTOS/tasks.o
                0x08005b2c                vTaskPlaceOnEventListRestricted
 .text.xTaskRemoveFromEventList
                0x08005b84       0xc8 ./Middlewares/FreeRTOS/tasks.o
                0x08005b84                xTaskRemoveFromEventList
 .text.vTaskInternalSetTimeOutState
                0x08005c4c       0x2c ./Middlewares/FreeRTOS/tasks.o
                0x08005c4c                vTaskInternalSetTimeOutState
 .text.xTaskCheckForTimeOut
                0x08005c78       0xc8 ./Middlewares/FreeRTOS/tasks.o
                0x08005c78                xTaskCheckForTimeOut
 .text.vTaskMissedYield
                0x08005d40       0x18 ./Middlewares/FreeRTOS/tasks.o
                0x08005d40                vTaskMissedYield
 .text.prvIdleTask
                0x08005d58       0x30 ./Middlewares/FreeRTOS/tasks.o
 .text.prvInitialiseTaskLists
                0x08005d88       0x80 ./Middlewares/FreeRTOS/tasks.o
 .text.prvCheckTasksWaitingTermination
                0x08005e08       0x5c ./Middlewares/FreeRTOS/tasks.o
 .text.prvDeleteTCB
                0x08005e64       0x60 ./Middlewares/FreeRTOS/tasks.o
 .text.prvResetNextTaskUnblockTime
                0x08005ec4       0x40 ./Middlewares/FreeRTOS/tasks.o
 .text.xTaskGetSchedulerState
                0x08005f04       0x3c ./Middlewares/FreeRTOS/tasks.o
                0x08005f04                xTaskGetSchedulerState
 .text.xTaskPriorityDisinherit
                0x08005f40       0xe0 ./Middlewares/FreeRTOS/tasks.o
                0x08005f40                xTaskPriorityDisinherit
 .text.prvAddCurrentTaskToDelayedList
                0x08006020       0xa8 ./Middlewares/FreeRTOS/tasks.o
 .text.xTimerCreateTimerTask
                0x080060c8       0x94 ./Middlewares/FreeRTOS/timers.o
                0x080060c8                xTimerCreateTimerTask
 .text.xTimerGenericCommand
                0x0800615c       0x9c ./Middlewares/FreeRTOS/timers.o
                0x0800615c                xTimerGenericCommand
 .text.prvProcessExpiredTimer
                0x080061f8       0x9c ./Middlewares/FreeRTOS/timers.o
 .text.prvTimerTask
                0x08006294       0x26 ./Middlewares/FreeRTOS/timers.o
 *fill*         0x080062ba        0x2 
 .text.prvProcessTimerOrBlockTask
                0x080062bc       0x9c ./Middlewares/FreeRTOS/timers.o
 .text.prvGetNextExpireTime
                0x08006358       0x48 ./Middlewares/FreeRTOS/timers.o
 .text.prvSampleTimeNow
                0x080063a0       0x40 ./Middlewares/FreeRTOS/timers.o
 .text.prvInsertTimerInActiveList
                0x080063e0       0x84 ./Middlewares/FreeRTOS/timers.o
 .text.prvProcessReceivedCommands
                0x08006464      0x1cc ./Middlewares/FreeRTOS/timers.o
 .text.prvSwitchTimerLists
                0x08006630       0xcc ./Middlewares/FreeRTOS/timers.o
 .text.prvCheckForValidListAndQueue
                0x080066fc       0x80 ./Middlewares/FreeRTOS/timers.o
 .text.memset   0x0800677c       0x10 C:/STM32_Workspace/STM32CubeIDE_1.19.0/STM32CubeIDE/plugins/com.st.stm32cube.ide.mcu.externaltools.gnu-tools-for-stm32.13.3.rel1.win32_1.0.0.202411081344/tools/bin/../lib/gcc/arm-none-eabi/13.3.1/../../../../arm-none-eabi/lib/thumb/v7e-m+dp/hard\libc_nano.a(libc_a-memset.o)
                0x0800677c                memset
 .text.__libc_init_array
                0x0800678c       0x48 C:/STM32_Workspace/STM32CubeIDE_1.19.0/STM32CubeIDE/plugins/com.st.stm32cube.ide.mcu.externaltools.gnu-tools-for-stm32.13.3.rel1.win32_1.0.0.202411081344/tools/bin/../lib/gcc/arm-none-eabi/13.3.1/../../../../arm-none-eabi/lib/thumb/v7e-m+dp/hard\libc_nano.a(libc_a-init.o)
                0x0800678c                __libc_init_array
 .text.memcpy   0x080067d4       0x1c C:/STM32_Workspace/STM32CubeIDE_1.19.0/STM32CubeIDE/plugins/com.st.stm32cube.ide.mcu.externaltools.gnu-tools-for-stm32.13.3.rel1.win32_1.0.0.202411081344/tools/bin/../lib/gcc/arm-none-eabi/13.3.1/../../../../arm-none-eabi/lib/thumb/v7e-m+dp/hard\libc_nano.a(libc_a-memcpy-stub.o)
                0x080067d4                memcpy
 *(.glue_7)
 .glue_7        0x080067f0        0x0 linker stubs
 *(.glue_7t)
 .glue_7t       0x080067f0        0x0 linker stubs
 *(.eh_frame)
 .eh_frame      0x080067f0        0x0 C:/STM32_Workspace/STM32CubeIDE_1.19.0/STM32CubeIDE/plugins/com.st.stm32cube.ide.mcu.externaltools.gnu-tools-for-stm32.13.3.rel1.win32_1.0.0.202411081344/tools/bin/../lib/gcc/arm-none-eabi/13.3.1/thumb/v7e-m+dp/hard/crtbegin.o
 *(.init)
 .init          0x080067f0        0x4 C:/STM32_Workspace/STM32CubeIDE_1.19.0/STM32CubeIDE/plugins/com.st.stm32cube.ide.mcu.externaltools.gnu-tools-for-stm32.13.3.rel1.win32_1.0.0.202411081344/tools/bin/../lib/gcc/arm-none-eabi/13.3.1/thumb/v7e-m+dp/hard/crti.o
                0x080067f0                _init
 .init          0x080067f4        0x8 C:/STM32_Workspace/STM32CubeIDE_1.19.0/STM32CubeIDE/plugins/com.st.stm32cube.ide.mcu.externaltools.gnu-tools-for-stm32.13.3.rel1.win32_1.0.0.202411081344/tools/bin/../lib/gcc/arm-none-eabi/13.3.1/thumb/v7e-m+dp/hard/crtn.o
 *(.fini)
 .fini          0x080067fc        0x4 C:/STM32_Workspace/STM32CubeIDE_1.19.0/STM32CubeIDE/plugins/com.st.stm32cube.ide.mcu.externaltools.gnu-tools-for-stm32.13.3.rel1.win32_1.0.0.202411081344/tools/bin/../lib/gcc/arm-none-eabi/13.3.1/thumb/v7e-m+dp/hard/crti.o
                0x080067fc                _fini
 .fini          0x08006800        0x8 C:/STM32_Workspace/STM32CubeIDE_1.19.0/STM32CubeIDE/plugins/com.st.stm32cube.ide.mcu.externaltools.gnu-tools-for-stm32.13.3.rel1.win32_1.0.0.202411081344/tools/bin/../lib/gcc/arm-none-eabi/13.3.1/thumb/v7e-m+dp/hard/crtn.o
                0x08006808                        . = ALIGN (0x4)
                0x08006808                        _etext = .

.vfp11_veneer   0x08006808        0x0
 .vfp11_veneer  0x08006808        0x0 linker stubs

.v4_bx          0x08006808        0x0
 .v4_bx         0x08006808        0x0 linker stubs

.iplt           0x08006808        0x0
 .iplt          0x08006808        0x0 C:/STM32_Workspace/STM32CubeIDE_1.19.0/STM32CubeIDE/plugins/com.st.stm32cube.ide.mcu.externaltools.gnu-tools-for-stm32.13.3.rel1.win32_1.0.0.202411081344/tools/bin/../lib/gcc/arm-none-eabi/13.3.1/thumb/v7e-m+dp/hard/crtbegin.o

.rodata         0x08006808       0xa8
                0x08006808                        . = ALIGN (0x4)
 *(.rodata)
 .rodata        0x08006808       0x14 ./Core/Src/main.o
 .rodata        0x0800681c        0x5 ./Middlewares/FreeRTOS/tasks.o
 *fill*         0x08006821        0x3 
 .rodata        0x08006824        0xd ./Middlewares/FreeRTOS/timers.o
 *(.rodata*)
 *fill*         0x08006831        0x3 
 .rodata.defaultTask_attributes
                0x08006834       0x24 ./Core/Src/main.o
                0x08006834                defaultTask_attributes
 .rodata.LedTask_attributes
                0x08006858       0x24 ./Core/Src/main.o
                0x08006858                LedTask_attributes
 .rodata.D1CorePrescTable
                0x0800687c       0x10 ./Core/Src/system_stm32h7xx.o
                0x0800687c                D1CorePrescTable
 .rodata.LED_PIN
                0x0800688c        0x6 ./Drivers/BSP/STM32H7xx_Nucleo/stm32h7xx_nucleo.o
 *fill*         0x08006892        0x2 
 .rodata.BUTTON_EXTI_LINE.2
                0x08006894        0x4 ./Drivers/BSP/STM32H7xx_Nucleo/stm32h7xx_nucleo.o
 .rodata.UARTPrescTable
                0x08006898       0x18 ./Drivers/STM32H7xx_HAL_Driver/stm32h7xx_hal_uart.o
                0x08006898                UARTPrescTable
                0x080068b0                        . = ALIGN (0x4)

.ARM.extab
 *(.ARM.extab* .gnu.linkonce.armextab.*)

.ARM            0x080068b0        0x8
                0x080068b0                        __exidx_start = .
 *(.ARM.exidx*)
 .ARM.exidx     0x080068b0        0x8 C:/STM32_Workspace/STM32CubeIDE_1.19.0/STM32CubeIDE/plugins/com.st.stm32cube.ide.mcu.externaltools.gnu-tools-for-stm32.13.3.rel1.win32_1.0.0.202411081344/tools/bin/../lib/gcc/arm-none-eabi/13.3.1/thumb/v7e-m+dp/hard\libgcc.a(_udivmoddi4.o)
                0x080068b8                        __exidx_end = .

.preinit_array  0x080068b8        0x0
                0x080068b8                        PROVIDE (__preinit_array_start = .)
 *(.preinit_array*)
                0x080068b8                        PROVIDE (__preinit_array_end = .)

.init_array     0x080068b8        0x4
                0x080068b8                        PROVIDE (__init_array_start = .)
 *(SORT_BY_NAME(.init_array.*))
 *(.init_array*)
 .init_array    0x080068b8        0x4 C:/STM32_Workspace/STM32CubeIDE_1.19.0/STM32CubeIDE/plugins/com.st.stm32cube.ide.mcu.externaltools.gnu-tools-for-stm32.13.3.rel1.win32_1.0.0.202411081344/tools/bin/../lib/gcc/arm-none-eabi/13.3.1/thumb/v7e-m+dp/hard/crtbegin.o
                0x080068bc                        PROVIDE (__init_array_end = .)

.fini_array     0x080068bc        0x4
                [!provide]                        PROVIDE (__fini_array_start = .)
 *(SORT_BY_NAME(.fini_array.*))
 *(.fini_array*)
 .fini_array    0x080068bc        0x4 C:/STM32_Workspace/STM32CubeIDE_1.19.0/STM32CubeIDE/plugins/com.st.stm32cube.ide.mcu.externaltools.gnu-tools-for-stm32.13.3.rel1.win32_1.0.0.202411081344/tools/bin/../lib/gcc/arm-none-eabi/13.3.1/thumb/v7e-m+dp/hard/crtbegin.o
                [!provide]                        PROVIDE (__fini_array_end = .)
                0x080068c0                        _sidata = LOADADDR (.data)

.rel.dyn        0x080068c0        0x0
 .rel.iplt      0x080068c0        0x0 C:/STM32_Workspace/STM32CubeIDE_1.19.0/STM32CubeIDE/plugins/com.st.stm32cube.ide.mcu.externaltools.gnu-tools-for-stm32.13.3.rel1.win32_1.0.0.202411081344/tools/bin/../lib/gcc/arm-none-eabi/13.3.1/thumb/v7e-m+dp/hard/crtbegin.o

.data           0x24000000       0x30 load address 0x080068c0
                0x24000000                        . = ALIGN (0x4)
                0x24000000                        _sdata = .
 *(.data)
 *(.data*)
 .data.SystemCoreClock
                0x24000000        0x4 ./Core/Src/system_stm32h7xx.o
                0x24000000                SystemCoreClock
 .data.SystemD2Clock
                0x24000004        0x4 ./Core/Src/system_stm32h7xx.o
                0x24000004                SystemD2Clock
 .data.COM_USART
                0x24000008        0x4 ./Drivers/BSP/STM32H7xx_Nucleo/stm32h7xx_nucleo.o
                0x24000008                COM_USART
 .data.LED_PORT
                0x2400000c        0xc ./Drivers/BSP/STM32H7xx_Nucleo/stm32h7xx_nucleo.o
 .data.BUTTON_PORT
                0x24000018        0x4 ./Drivers/BSP/STM32H7xx_Nucleo/stm32h7xx_nucleo.o
 .data.ButtonCallback.1
                0x2400001c        0x4 ./Drivers/BSP/STM32H7xx_Nucleo/stm32h7xx_nucleo.o
 .data.BSP_BUTTON_PRIO.0
                0x24000020        0x4 ./Drivers/BSP/STM32H7xx_Nucleo/stm32h7xx_nucleo.o
 .data.uwTickPrio
                0x24000024        0x4 ./Drivers/STM32H7xx_HAL_Driver/stm32h7xx_hal.o
                0x24000024                uwTickPrio
 .data.uwTickFreq
                0x24000028        0x1 ./Drivers/STM32H7xx_HAL_Driver/stm32h7xx_hal.o
                0x24000028                uwTickFreq
 *fill*         0x24000029        0x3 
 .data.uxCriticalNesting
                0x2400002c        0x4 ./Middlewares/FreeRTOS/port.o
 *(.RamFunc)
 *(.RamFunc*)
                0x24000030                        . = ALIGN (0x4)
                0x24000030                        _edata = .

.igot.plt       0x24000030        0x0 load address 0x080068f0
 .igot.plt      0x24000030        0x0 C:/STM32_Workspace/STM32CubeIDE_1.19.0/STM32CubeIDE/plugins/com.st.stm32cube.ide.mcu.externaltools.gnu-tools-for-stm32.13.3.rel1.win32_1.0.0.202411081344/tools/bin/../lib/gcc/arm-none-eabi/13.3.1/thumb/v7e-m+dp/hard/crtbegin.o
                0x24000030                        . = ALIGN (0x4)

.bss            0x24000030     0x4a24 load address 0x080068f0
                0x24000030                        _sbss = .
                0x24000030                        __bss_start__ = _sbss
 *(.bss)
 .bss           0x24000030       0x1c C:/STM32_Workspace/STM32CubeIDE_1.19.0/STM32CubeIDE/plugins/com.st.stm32cube.ide.mcu.externaltools.gnu-tools-for-stm32.13.3.rel1.win32_1.0.0.202411081344/tools/bin/../lib/gcc/arm-none-eabi/13.3.1/thumb/v7e-m+dp/hard/crtbegin.o
 *(.bss*)
 .bss.BspCOMInit
                0x2400004c       0x10 ./Core/Src/main.o
                0x2400004c                BspCOMInit
 .bss.defaultTaskHandle
                0x2400005c        0x4 ./Core/Src/main.o
                0x2400005c                defaultTaskHandle
 .bss.LedTaskHandle
                0x24000060        0x4 ./Core/Src/main.o
                0x24000060                LedTaskHandle
 .bss.hpb_exti  0x24000064        0x8 ./Drivers/BSP/STM32H7xx_Nucleo/stm32h7xx_nucleo.o
                0x24000064                hpb_exti
 .bss.hcom_uart
                0x2400006c       0x94 ./Drivers/BSP/STM32H7xx_Nucleo/stm32h7xx_nucleo.o
                0x2400006c                hcom_uart
 .bss.uwTick    0x24000100        0x4 ./Drivers/STM32H7xx_HAL_Driver/stm32h7xx_hal.o
                0x24000100                uwTick
 .bss.KernelState
                0x24000104        0x4 ./Middlewares/FreeRTOS/cmsis_os2.o
 .bss.Idle_TCB.3
                0x24000108       0x5c ./Middlewares/FreeRTOS/cmsis_os2.o
 .bss.Idle_Stack.2
                0x24000164      0x200 ./Middlewares/FreeRTOS/cmsis_os2.o
 .bss.Timer_TCB.1
                0x24000364       0x5c ./Middlewares/FreeRTOS/cmsis_os2.o
 .bss.Timer_Stack.0
                0x240003c0      0x400 ./Middlewares/FreeRTOS/cmsis_os2.o
 .bss.ucHeap    0x240007c0     0x3c00 ./Middlewares/FreeRTOS/heap_4.o
 .bss.xStart    0x240043c0        0x8 ./Middlewares/FreeRTOS/heap_4.o
 .bss.pxEnd     0x240043c8        0x4 ./Middlewares/FreeRTOS/heap_4.o
 .bss.xFreeBytesRemaining
                0x240043cc        0x4 ./Middlewares/FreeRTOS/heap_4.o
 .bss.xMinimumEverFreeBytesRemaining
                0x240043d0        0x4 ./Middlewares/FreeRTOS/heap_4.o
 .bss.xNumberOfSuccessfulAllocations
                0x240043d4        0x4 ./Middlewares/FreeRTOS/heap_4.o
 .bss.xNumberOfSuccessfulFrees
                0x240043d8        0x4 ./Middlewares/FreeRTOS/heap_4.o
 .bss.xBlockAllocatedBit
                0x240043dc        0x4 ./Middlewares/FreeRTOS/heap_4.o
 .bss.ucMaxSysCallPriority
                0x240043e0        0x1 ./Middlewares/FreeRTOS/port.o
 *fill*         0x240043e1        0x3 
 .bss.ulMaxPRIGROUPValue
                0x240043e4        0x4 ./Middlewares/FreeRTOS/port.o
 .bss.xQueueRegistry
                0x240043e8       0x40 ./Middlewares/FreeRTOS/queue.o
                0x240043e8                xQueueRegistry
 .bss.pxCurrentTCB
                0x24004428        0x4 ./Middlewares/FreeRTOS/tasks.o
                0x24004428                pxCurrentTCB
 .bss.pxReadyTasksLists
                0x2400442c      0x460 ./Middlewares/FreeRTOS/tasks.o
 .bss.xDelayedTaskList1
                0x2400488c       0x14 ./Middlewares/FreeRTOS/tasks.o
 .bss.xDelayedTaskList2
                0x240048a0       0x14 ./Middlewares/FreeRTOS/tasks.o
 .bss.pxDelayedTaskList
                0x240048b4        0x4 ./Middlewares/FreeRTOS/tasks.o
 .bss.pxOverflowDelayedTaskList
                0x240048b8        0x4 ./Middlewares/FreeRTOS/tasks.o
 .bss.xPendingReadyList
                0x240048bc       0x14 ./Middlewares/FreeRTOS/tasks.o
 .bss.xTasksWaitingTermination
                0x240048d0       0x14 ./Middlewares/FreeRTOS/tasks.o
 .bss.uxDeletedTasksWaitingCleanUp
                0x240048e4        0x4 ./Middlewares/FreeRTOS/tasks.o
 .bss.xSuspendedTaskList
                0x240048e8       0x14 ./Middlewares/FreeRTOS/tasks.o
 .bss.uxCurrentNumberOfTasks
                0x240048fc        0x4 ./Middlewares/FreeRTOS/tasks.o
 .bss.xTickCount
                0x24004900        0x4 ./Middlewares/FreeRTOS/tasks.o
 .bss.uxTopReadyPriority
                0x24004904        0x4 ./Middlewares/FreeRTOS/tasks.o
 .bss.xSchedulerRunning
                0x24004908        0x4 ./Middlewares/FreeRTOS/tasks.o
 .bss.xPendedTicks
                0x2400490c        0x4 ./Middlewares/FreeRTOS/tasks.o
 .bss.xYieldPending
                0x24004910        0x4 ./Middlewares/FreeRTOS/tasks.o
 .bss.xNumOfOverflows
                0x24004914        0x4 ./Middlewares/FreeRTOS/tasks.o
 .bss.uxTaskNumber
                0x24004918        0x4 ./Middlewares/FreeRTOS/tasks.o
 .bss.xNextTaskUnblockTime
                0x2400491c        0x4 ./Middlewares/FreeRTOS/tasks.o
 .bss.xIdleTaskHandle
                0x24004920        0x4 ./Middlewares/FreeRTOS/tasks.o
 .bss.uxSchedulerSuspended
                0x24004924        0x4 ./Middlewares/FreeRTOS/tasks.o
 .bss.xActiveTimerList1
                0x24004928       0x14 ./Middlewares/FreeRTOS/timers.o
 .bss.xActiveTimerList2
                0x2400493c       0x14 ./Middlewares/FreeRTOS/timers.o
 .bss.pxCurrentTimerList
                0x24004950        0x4 ./Middlewares/FreeRTOS/timers.o
 .bss.pxOverflowTimerList
                0x24004954        0x4 ./Middlewares/FreeRTOS/timers.o
 .bss.xTimerQueue
                0x24004958        0x4 ./Middlewares/FreeRTOS/timers.o
 .bss.xTimerTaskHandle
                0x2400495c        0x4 ./Middlewares/FreeRTOS/timers.o
 .bss.xLastTime.2
                0x24004960        0x4 ./Middlewares/FreeRTOS/timers.o
 .bss.ucStaticTimerQueueStorage.1
                0x24004964       0xa0 ./Middlewares/FreeRTOS/timers.o
 .bss.xStaticTimerQueue.0
                0x24004a04       0x50 ./Middlewares/FreeRTOS/timers.o
 *(COMMON)
                0x24004a54                        . = ALIGN (0x4)
                0x24004a54                        _ebss = .
                0x24004a54                        __bss_end__ = _ebss

._user_heap_stack
                0x24004a54      0x604 load address 0x080068f0
                0x24004a58                        . = ALIGN (0x8)
 *fill*         0x24004a54        0x4 
                [!provide]                        PROVIDE (end = .)
                0x24004a58                        PROVIDE (_end = .)
                0x24004c58                        . = (. + _Min_Heap_Size)
 *fill*         0x24004a58      0x200 
                0x24005058                        . = (. + _Min_Stack_Size)
 *fill*         0x24004c58      0x400 
                0x24005058                        . = ALIGN (0x8)

/DISCARD/
 libc.a(*)
 libm.a(*)
 libgcc.a(*)

.ARM.attributes
                0x00000000       0x2e
 *(.ARM.attributes)
 .ARM.attributes
                0x00000000       0x20 C:/STM32_Workspace/STM32CubeIDE_1.19.0/STM32CubeIDE/plugins/com.st.stm32cube.ide.mcu.externaltools.gnu-tools-for-stm32.13.3.rel1.win32_1.0.0.202411081344/tools/bin/../lib/gcc/arm-none-eabi/13.3.1/thumb/v7e-m+dp/hard/crti.o
 .ARM.attributes
                0x00000020       0x32 C:/STM32_Workspace/STM32CubeIDE_1.19.0/STM32CubeIDE/plugins/com.st.stm32cube.ide.mcu.externaltools.gnu-tools-for-stm32.13.3.rel1.win32_1.0.0.202411081344/tools/bin/../lib/gcc/arm-none-eabi/13.3.1/thumb/v7e-m+dp/hard/crtbegin.o
 .ARM.attributes
                0x00000052       0x32 ./Core/Src/main.o
 .ARM.attributes
                0x00000084       0x32 ./Core/Src/stm32h7xx_hal_msp.o
 .ARM.attributes
                0x000000b6       0x32 ./Core/Src/stm32h7xx_it.o
 .ARM.attributes
                0x000000e8       0x32 ./Core/Src/system_stm32h7xx.o
 .ARM.attributes
                0x0000011a       0x21 ./Core/Startup/startup_stm32h753zitx.o
 .ARM.attributes
                0x0000013b       0x32 ./Drivers/BSP/STM32H7xx_Nucleo/stm32h7xx_nucleo.o
 .ARM.attributes
                0x0000016d       0x32 ./Drivers/STM32H7xx_HAL_Driver/stm32h7xx_hal.o
 .ARM.attributes
                0x0000019f       0x32 ./Drivers/STM32H7xx_HAL_Driver/stm32h7xx_hal_cortex.o
 .ARM.attributes
                0x000001d1       0x32 ./Drivers/STM32H7xx_HAL_Driver/stm32h7xx_hal_exti.o
 .ARM.attributes
                0x00000203       0x32 ./Drivers/STM32H7xx_HAL_Driver/stm32h7xx_hal_gpio.o
 .ARM.attributes
                0x00000235       0x32 ./Drivers/STM32H7xx_HAL_Driver/stm32h7xx_hal_pwr_ex.o
 .ARM.attributes
                0x00000267       0x32 ./Drivers/STM32H7xx_HAL_Driver/stm32h7xx_hal_rcc.o
 .ARM.attributes
                0x00000299       0x32 ./Drivers/STM32H7xx_HAL_Driver/stm32h7xx_hal_rcc_ex.o
 .ARM.attributes
                0x000002cb       0x32 ./Drivers/STM32H7xx_HAL_Driver/stm32h7xx_hal_uart.o
 .ARM.attributes
                0x000002fd       0x32 ./Middlewares/FreeRTOS/cmsis_os2.o
 .ARM.attributes
                0x0000032f       0x32 ./Middlewares/FreeRTOS/heap_4.o
 .ARM.attributes
                0x00000361       0x32 ./Middlewares/FreeRTOS/list.o
 .ARM.attributes
                0x00000393       0x32 ./Middlewares/FreeRTOS/port.o
 .ARM.attributes
                0x000003c5       0x32 ./Middlewares/FreeRTOS/queue.o
 .ARM.attributes
                0x000003f7       0x32 ./Middlewares/FreeRTOS/tasks.o
 .ARM.attributes
                0x00000429       0x32 ./Middlewares/FreeRTOS/timers.o
 .ARM.attributes
                0x0000045b       0x32 C:/STM32_Workspace/STM32CubeIDE_1.19.0/STM32CubeIDE/plugins/com.st.stm32cube.ide.mcu.externaltools.gnu-tools-for-stm32.13.3.rel1.win32_1.0.0.202411081344/tools/bin/../lib/gcc/arm-none-eabi/13.3.1/../../../../arm-none-eabi/lib/thumb/v7e-m+dp/hard\libc_nano.a(libc_a-memset.o)
 .ARM.attributes
                0x0000048d       0x32 C:/STM32_Workspace/STM32CubeIDE_1.19.0/STM32CubeIDE/plugins/com.st.stm32cube.ide.mcu.externaltools.gnu-tools-for-stm32.13.3.rel1.win32_1.0.0.202411081344/tools/bin/../lib/gcc/arm-none-eabi/13.3.1/../../../../arm-none-eabi/lib/thumb/v7e-m+dp/hard\libc_nano.a(libc_a-init.o)
 .ARM.attributes
                0x000004bf       0x32 C:/STM32_Workspace/STM32CubeIDE_1.19.0/STM32CubeIDE/plugins/com.st.stm32cube.ide.mcu.externaltools.gnu-tools-for-stm32.13.3.rel1.win32_1.0.0.202411081344/tools/bin/../lib/gcc/arm-none-eabi/13.3.1/../../../../arm-none-eabi/lib/thumb/v7e-m+dp/hard\libc_nano.a(libc_a-memcpy-stub.o)
 .ARM.attributes
                0x000004f1       0x20 C:/STM32_Workspace/STM32CubeIDE_1.19.0/STM32CubeIDE/plugins/com.st.stm32cube.ide.mcu.externaltools.gnu-tools-for-stm32.13.3.rel1.win32_1.0.0.202411081344/tools/bin/../lib/gcc/arm-none-eabi/13.3.1/thumb/v7e-m+dp/hard\libgcc.a(_aeabi_uldivmod.o)
 .ARM.attributes
                0x00000511       0x32 C:/STM32_Workspace/STM32CubeIDE_1.19.0/STM32CubeIDE/plugins/com.st.stm32cube.ide.mcu.externaltools.gnu-tools-for-stm32.13.3.rel1.win32_1.0.0.202411081344/tools/bin/../lib/gcc/arm-none-eabi/13.3.1/thumb/v7e-m+dp/hard\libgcc.a(_udivmoddi4.o)
 .ARM.attributes
                0x00000543       0x20 C:/STM32_Workspace/STM32CubeIDE_1.19.0/STM32CubeIDE/plugins/com.st.stm32cube.ide.mcu.externaltools.gnu-tools-for-stm32.13.3.rel1.win32_1.0.0.202411081344/tools/bin/../lib/gcc/arm-none-eabi/13.3.1/thumb/v7e-m+dp/hard\libgcc.a(_dvmd_tls.o)
 .ARM.attributes
                0x00000563       0x20 C:/STM32_Workspace/STM32CubeIDE_1.19.0/STM32CubeIDE/plugins/com.st.stm32cube.ide.mcu.externaltools.gnu-tools-for-stm32.13.3.rel1.win32_1.0.0.202411081344/tools/bin/../lib/gcc/arm-none-eabi/13.3.1/thumb/v7e-m+dp/hard/crtn.o
OUTPUT(FreeRTOS.elf elf32-littlearm)
LOAD linker stubs
LOAD C:/STM32_Workspace/STM32CubeIDE_1.19.0/STM32CubeIDE/plugins/com.st.stm32cube.ide.mcu.externaltools.gnu-tools-for-stm32.13.3.rel1.win32_1.0.0.202411081344/tools/bin/../lib/gcc/arm-none-eabi/13.3.1/../../../../arm-none-eabi/lib/thumb/v7e-m+dp/hard\libc.a
LOAD C:/STM32_Workspace/STM32CubeIDE_1.19.0/STM32CubeIDE/plugins/com.st.stm32cube.ide.mcu.externaltools.gnu-tools-for-stm32.13.3.rel1.win32_1.0.0.202411081344/tools/bin/../lib/gcc/arm-none-eabi/13.3.1/../../../../arm-none-eabi/lib/thumb/v7e-m+dp/hard\libm.a
LOAD C:/STM32_Workspace/STM32CubeIDE_1.19.0/STM32CubeIDE/plugins/com.st.stm32cube.ide.mcu.externaltools.gnu-tools-for-stm32.13.3.rel1.win32_1.0.0.202411081344/tools/bin/../lib/gcc/arm-none-eabi/13.3.1/thumb/v7e-m+dp/hard\libgcc.a

.debug_info     0x00000000    0x19625
 .debug_info    0x00000000     0x114f ./Core/Src/main.o
 .debug_info    0x0000114f      0x81a ./Core/Src/stm32h7xx_hal_msp.o
 .debug_info    0x00001969      0x171 ./Core/Src/stm32h7xx_it.o
 .debug_info    0x00001ada      0xdb2 ./Core/Src/system_stm32h7xx.o
 .debug_info    0x0000288c       0x30 ./Core/Startup/startup_stm32h753zitx.o
 .debug_info    0x000028bc     0x1a82 ./Drivers/BSP/STM32H7xx_Nucleo/stm32h7xx_nucleo.o
 .debug_info    0x0000433e     0x1541 ./Drivers/STM32H7xx_HAL_Driver/stm32h7xx_hal.o
 .debug_info    0x0000587f     0x10b7 ./Drivers/STM32H7xx_HAL_Driver/stm32h7xx_hal_cortex.o
 .debug_info    0x00006936      0x916 ./Drivers/STM32H7xx_HAL_Driver/stm32h7xx_hal_exti.o
 .debug_info    0x0000724c      0xc5a ./Drivers/STM32H7xx_HAL_Driver/stm32h7xx_hal_gpio.o
 .debug_info    0x00007ea6     0x1012 ./Drivers/STM32H7xx_HAL_Driver/stm32h7xx_hal_pwr_ex.o
 .debug_info    0x00008eb8      0xe6a ./Drivers/STM32H7xx_HAL_Driver/stm32h7xx_hal_rcc.o
 .debug_info    0x00009d22     0x1225 ./Drivers/STM32H7xx_HAL_Driver/stm32h7xx_hal_rcc_ex.o
 .debug_info    0x0000af47     0x4b1d ./Drivers/STM32H7xx_HAL_Driver/stm32h7xx_hal_uart.o
 .debug_info    0x0000fa64     0x3d72 ./Middlewares/FreeRTOS/cmsis_os2.o
 .debug_info    0x000137d6      0x4d5 ./Middlewares/FreeRTOS/heap_4.o
 .debug_info    0x00013cab      0x2af ./Middlewares/FreeRTOS/list.o
 .debug_info    0x00013f5a      0x4de ./Middlewares/FreeRTOS/port.o
 .debug_info    0x00014438     0x1b79 ./Middlewares/FreeRTOS/queue.o
 .debug_info    0x00015fb1     0x21ec ./Middlewares/FreeRTOS/tasks.o
 .debug_info    0x0001819d     0x1488 ./Middlewares/FreeRTOS/timers.o

.debug_abbrev   0x00000000     0x3344
 .debug_abbrev  0x00000000      0x2ae ./Core/Src/main.o
 .debug_abbrev  0x000002ae      0x11c ./Core/Src/stm32h7xx_hal_msp.o
 .debug_abbrev  0x000003ca       0xe4 ./Core/Src/stm32h7xx_it.o
 .debug_abbrev  0x000004ae      0x165 ./Core/Src/system_stm32h7xx.o
 .debug_abbrev  0x00000613       0x24 ./Core/Startup/startup_stm32h753zitx.o
 .debug_abbrev  0x00000637      0x340 ./Drivers/BSP/STM32H7xx_Nucleo/stm32h7xx_nucleo.o
 .debug_abbrev  0x00000977      0x295 ./Drivers/STM32H7xx_HAL_Driver/stm32h7xx_hal.o
 .debug_abbrev  0x00000c0c      0x339 ./Drivers/STM32H7xx_HAL_Driver/stm32h7xx_hal_cortex.o
 .debug_abbrev  0x00000f45      0x1df ./Drivers/STM32H7xx_HAL_Driver/stm32h7xx_hal_exti.o
 .debug_abbrev  0x00001124      0x205 ./Drivers/STM32H7xx_HAL_Driver/stm32h7xx_hal_gpio.o
 .debug_abbrev  0x00001329      0x2a7 ./Drivers/STM32H7xx_HAL_Driver/stm32h7xx_hal_pwr_ex.o
 .debug_abbrev  0x000015d0      0x2c8 ./Drivers/STM32H7xx_HAL_Driver/stm32h7xx_hal_rcc.o
 .debug_abbrev  0x00001898      0x269 ./Drivers/STM32H7xx_HAL_Driver/stm32h7xx_hal_rcc_ex.o
 .debug_abbrev  0x00001b01      0x33d ./Drivers/STM32H7xx_HAL_Driver/stm32h7xx_hal_uart.o
 .debug_abbrev  0x00001e3e      0x50a ./Middlewares/FreeRTOS/cmsis_os2.o
 .debug_abbrev  0x00002348      0x21d ./Middlewares/FreeRTOS/heap_4.o
 .debug_abbrev  0x00002565       0xf5 ./Middlewares/FreeRTOS/list.o
 .debug_abbrev  0x0000265a      0x25c ./Middlewares/FreeRTOS/port.o
 .debug_abbrev  0x000028b6      0x3b6 ./Middlewares/FreeRTOS/queue.o
 .debug_abbrev  0x00002c6c      0x386 ./Middlewares/FreeRTOS/tasks.o
 .debug_abbrev  0x00002ff2      0x352 ./Middlewares/FreeRTOS/timers.o

.debug_aranges  0x00000000     0x1280
 .debug_aranges
                0x00000000       0x48 ./Core/Src/main.o
 .debug_aranges
                0x00000048       0x20 ./Core/Src/stm32h7xx_hal_msp.o
 .debug_aranges
                0x00000068       0x58 ./Core/Src/stm32h7xx_it.o
 .debug_aranges
                0x000000c0       0x30 ./Core/Src/system_stm32h7xx.o
 .debug_aranges
                0x000000f0       0x28 ./Core/Startup/startup_stm32h753zitx.o
 .debug_aranges
                0x00000118       0xb8 ./Drivers/BSP/STM32H7xx_Nucleo/stm32h7xx_nucleo.o
 .debug_aranges
                0x000001d0      0x198 ./Drivers/STM32H7xx_HAL_Driver/stm32h7xx_hal.o
 .debug_aranges
                0x00000368      0x130 ./Drivers/STM32H7xx_HAL_Driver/stm32h7xx_hal_cortex.o
 .debug_aranges
                0x00000498       0x60 ./Drivers/STM32H7xx_HAL_Driver/stm32h7xx_hal_exti.o
 .debug_aranges
                0x000004f8       0x58 ./Drivers/STM32H7xx_HAL_Driver/stm32h7xx_hal_gpio.o
 .debug_aranges
                0x00000550      0x158 ./Drivers/STM32H7xx_HAL_Driver/stm32h7xx_hal_pwr_ex.o
 .debug_aranges
                0x000006a8       0x88 ./Drivers/STM32H7xx_HAL_Driver/stm32h7xx_hal_rcc.o
 .debug_aranges
                0x00000730       0xf8 ./Drivers/STM32H7xx_HAL_Driver/stm32h7xx_hal_rcc_ex.o
 .debug_aranges
                0x00000828      0x248 ./Drivers/STM32H7xx_HAL_Driver/stm32h7xx_hal_uart.o
 .debug_aranges
                0x00000a70      0x2a8 ./Middlewares/FreeRTOS/cmsis_os2.o
 .debug_aranges
                0x00000d18       0x58 ./Middlewares/FreeRTOS/heap_4.o
 .debug_aranges
                0x00000d70       0x40 ./Middlewares/FreeRTOS/list.o
 .debug_aranges
                0x00000db0       0x80 ./Middlewares/FreeRTOS/port.o
 .debug_aranges
                0x00000e30      0x158 ./Middlewares/FreeRTOS/queue.o
 .debug_aranges
                0x00000f88      0x208 ./Middlewares/FreeRTOS/tasks.o
 .debug_aranges
                0x00001190       0xf0 ./Middlewares/FreeRTOS/timers.o

.debug_rnglists
                0x00000000      0xe38
 .debug_rnglists
                0x00000000       0x34 ./Core/Src/main.o
 .debug_rnglists
                0x00000034       0x13 ./Core/Src/stm32h7xx_hal_msp.o
 .debug_rnglists
                0x00000047       0x3d ./Core/Src/stm32h7xx_it.o
 .debug_rnglists
                0x00000084       0x21 ./Core/Src/system_stm32h7xx.o
 .debug_rnglists
                0x000000a5       0x19 ./Core/Startup/startup_stm32h753zitx.o
 .debug_rnglists
                0x000000be       0x88 ./Drivers/BSP/STM32H7xx_Nucleo/stm32h7xx_nucleo.o
 .debug_rnglists
                0x00000146      0x131 ./Drivers/STM32H7xx_HAL_Driver/stm32h7xx_hal.o
 .debug_rnglists
                0x00000277       0xe0 ./Drivers/STM32H7xx_HAL_Driver/stm32h7xx_hal_cortex.o
 .debug_rnglists
                0x00000357       0x46 ./Drivers/STM32H7xx_HAL_Driver/stm32h7xx_hal_exti.o
 .debug_rnglists
                0x0000039d       0x3f ./Drivers/STM32H7xx_HAL_Driver/stm32h7xx_hal_gpio.o
 .debug_rnglists
                0x000003dc      0x103 ./Drivers/STM32H7xx_HAL_Driver/stm32h7xx_hal_pwr_ex.o
 .debug_rnglists
                0x000004df       0x68 ./Drivers/STM32H7xx_HAL_Driver/stm32h7xx_hal_rcc.o
 .debug_rnglists
                0x00000547       0xc0 ./Drivers/STM32H7xx_HAL_Driver/stm32h7xx_hal_rcc_ex.o
 .debug_rnglists
                0x00000607      0x1fa ./Drivers/STM32H7xx_HAL_Driver/stm32h7xx_hal_uart.o
 .debug_rnglists
                0x00000801      0x20c ./Middlewares/FreeRTOS/cmsis_os2.o
 .debug_rnglists
                0x00000a0d       0x42 ./Middlewares/FreeRTOS/heap_4.o
 .debug_rnglists
                0x00000a4f       0x2b ./Middlewares/FreeRTOS/list.o
 .debug_rnglists
                0x00000a7a       0x5d ./Middlewares/FreeRTOS/port.o
 .debug_rnglists
                0x00000ad7      0x109 ./Middlewares/FreeRTOS/queue.o
 .debug_rnglists
                0x00000be0      0x1a0 ./Middlewares/FreeRTOS/tasks.o
 .debug_rnglists
                0x00000d80       0xb8 ./Middlewares/FreeRTOS/timers.o

.debug_macro    0x00000000     0x3b79
 .debug_macro   0x00000000      0x383 ./Core/Src/main.o
 .debug_macro   0x00000383      0x169 ./Core/Src/main.o
 .debug_macro   0x000004ec       0x66 ./Core/Src/main.o
 .debug_macro   0x00000552       0x74 ./Core/Src/main.o
 .debug_macro   0x000005c6       0xdd ./Core/Src/main.o
 .debug_macro   0x000006a3      0x2f3 ./Core/Src/stm32h7xx_hal_msp.o
 .debug_macro   0x00000996      0x365 ./Core/Src/stm32h7xx_it.o
 .debug_macro   0x00000cfb      0x294 ./Core/Src/system_stm32h7xx.o
 .debug_macro   0x00000f8f      0x2bb ./Drivers/BSP/STM32H7xx_Nucleo/stm32h7xx_nucleo.o
 .debug_macro   0x0000124a       0x28 ./Drivers/BSP/STM32H7xx_Nucleo/stm32h7xx_nucleo.o
 .debug_macro   0x00001272      0x2be ./Drivers/STM32H7xx_HAL_Driver/stm32h7xx_hal.o
 .debug_macro   0x00001530      0x294 ./Drivers/STM32H7xx_HAL_Driver/stm32h7xx_hal_cortex.o
 .debug_macro   0x000017c4      0x2a2 ./Drivers/STM32H7xx_HAL_Driver/stm32h7xx_hal_exti.o
 .debug_macro   0x00001a66      0x29b ./Drivers/STM32H7xx_HAL_Driver/stm32h7xx_hal_gpio.o
 .debug_macro   0x00001d01      0x2cd ./Drivers/STM32H7xx_HAL_Driver/stm32h7xx_hal_pwr_ex.o
 .debug_macro   0x00001fce      0x2b8 ./Drivers/STM32H7xx_HAL_Driver/stm32h7xx_hal_rcc.o
 .debug_macro   0x00002286      0x2b2 ./Drivers/STM32H7xx_HAL_Driver/stm32h7xx_hal_rcc_ex.o
 .debug_macro   0x00002538      0x2bf ./Drivers/STM32H7xx_HAL_Driver/stm32h7xx_hal_uart.o
 .debug_macro   0x000027f7      0x3f3 ./Middlewares/FreeRTOS/cmsis_os2.o
 .debug_macro   0x00002bea       0x10 ./Middlewares/FreeRTOS/cmsis_os2.o
 .debug_macro   0x00002bfa       0x20 ./Middlewares/FreeRTOS/cmsis_os2.o
 .debug_macro   0x00002c1a       0x10 ./Middlewares/FreeRTOS/cmsis_os2.o
 .debug_macro   0x00002c2a       0xf5 ./Middlewares/FreeRTOS/cmsis_os2.o
 .debug_macro   0x00002d1f       0x91 ./Middlewares/FreeRTOS/cmsis_os2.o
 .debug_macro   0x00002db0       0x8d ./Middlewares/FreeRTOS/cmsis_os2.o
 .debug_macro   0x00002e3d       0x9a ./Middlewares/FreeRTOS/cmsis_os2.o
 .debug_macro   0x00002ed7       0x22 ./Middlewares/FreeRTOS/cmsis_os2.o
 .debug_macro   0x00002ef9      0x1ae ./Middlewares/FreeRTOS/heap_4.o
 .debug_macro   0x000030a7      0x187 ./Middlewares/FreeRTOS/list.o
 .debug_macro   0x0000322e      0x196 ./Middlewares/FreeRTOS/port.o
 .debug_macro   0x000033c4      0x216 ./Middlewares/FreeRTOS/queue.o
 .debug_macro   0x000035da       0x16 ./Middlewares/FreeRTOS/queue.o
 .debug_macro   0x000035f0       0x87 ./Middlewares/FreeRTOS/queue.o
 .debug_macro   0x00003677      0x27f ./Middlewares/FreeRTOS/tasks.o
 .debug_macro   0x000038f6       0x10 ./Middlewares/FreeRTOS/tasks.o
 .debug_macro   0x00003906      0x1dc ./Middlewares/FreeRTOS/timers.o
 .debug_macro   0x00003ae2       0x97 ./Middlewares/FreeRTOS/timers.o

.debug_line     0x00000000    0x1975f
 .debug_line    0x00000000      0xef1 ./Core/Src/main.o
 .debug_line    0x00000ef1      0xb95 ./Core/Src/stm32h7xx_hal_msp.o
 .debug_line    0x00001a86      0xdd2 ./Core/Src/stm32h7xx_it.o
 .debug_line    0x00002858      0xcbf ./Core/Src/system_stm32h7xx.o
 .debug_line    0x00003517       0x7b ./Core/Startup/startup_stm32h753zitx.o
 .debug_line    0x00003592      0xf12 ./Drivers/BSP/STM32H7xx_Nucleo/stm32h7xx_nucleo.o
 .debug_line    0x000044a4     0x10de ./Drivers/STM32H7xx_HAL_Driver/stm32h7xx_hal.o
 .debug_line    0x00005582     0x10c8 ./Drivers/STM32H7xx_HAL_Driver/stm32h7xx_hal_cortex.o
 .debug_line    0x0000664a      0xf92 ./Drivers/STM32H7xx_HAL_Driver/stm32h7xx_hal_exti.o
 .debug_line    0x000075dc      0xf67 ./Drivers/STM32H7xx_HAL_Driver/stm32h7xx_hal_gpio.o
 .debug_line    0x00008543     0x1262 ./Drivers/STM32H7xx_HAL_Driver/stm32h7xx_hal_pwr_ex.o
 .debug_line    0x000097a5     0x1785 ./Drivers/STM32H7xx_HAL_Driver/stm32h7xx_hal_rcc.o
 .debug_line    0x0000af2a     0x2091 ./Drivers/STM32H7xx_HAL_Driver/stm32h7xx_hal_rcc_ex.o
 .debug_line    0x0000cfbb     0x3b65 ./Drivers/STM32H7xx_HAL_Driver/stm32h7xx_hal_uart.o
 .debug_line    0x00010b20     0x2811 ./Middlewares/FreeRTOS/cmsis_os2.o
 .debug_line    0x00013331      0xb74 ./Middlewares/FreeRTOS/heap_4.o
 .debug_line    0x00013ea5      0x95d ./Middlewares/FreeRTOS/list.o
 .debug_line    0x00014802      0x8a1 ./Middlewares/FreeRTOS/port.o
 .debug_line    0x000150a3     0x18ce ./Middlewares/FreeRTOS/queue.o
 .debug_line    0x00016971     0x1e51 ./Middlewares/FreeRTOS/tasks.o
 .debug_line    0x000187c2      0xf9d ./Middlewares/FreeRTOS/timers.o

.debug_str      0x00000000   0x16499f
 .debug_str     0x00000000   0x16499f ./Core/Src/main.o
                             0x15afeb (size before relaxing)
 .debug_str     0x0016499f   0x156373 ./Core/Src/stm32h7xx_hal_msp.o
 .debug_str     0x0016499f   0x1597aa ./Core/Src/stm32h7xx_it.o
 .debug_str     0x0016499f   0x154ff3 ./Core/Src/system_stm32h7xx.o
 .debug_str     0x0016499f       0x6e ./Core/Startup/startup_stm32h753zitx.o
 .debug_str     0x0016499f   0x156921 ./Drivers/BSP/STM32H7xx_Nucleo/stm32h7xx_nucleo.o
 .debug_str     0x0016499f   0x155f1f ./Drivers/STM32H7xx_HAL_Driver/stm32h7xx_hal.o
 .debug_str     0x0016499f   0x15595a ./Drivers/STM32H7xx_HAL_Driver/stm32h7xx_hal_cortex.o
 .debug_str     0x0016499f   0x154e0b ./Drivers/STM32H7xx_HAL_Driver/stm32h7xx_hal_exti.o
 .debug_str     0x0016499f   0x154fb1 ./Drivers/STM32H7xx_HAL_Driver/stm32h7xx_hal_gpio.o
 .debug_str     0x0016499f   0x155472 ./Drivers/STM32H7xx_HAL_Driver/stm32h7xx_hal_pwr_ex.o
 .debug_str     0x0016499f   0x155395 ./Drivers/STM32H7xx_HAL_Driver/stm32h7xx_hal_rcc.o
 .debug_str     0x0016499f   0x155876 ./Drivers/STM32H7xx_HAL_Driver/stm32h7xx_hal_rcc_ex.o
 .debug_str     0x0016499f   0x155ed6 ./Drivers/STM32H7xx_HAL_Driver/stm32h7xx_hal_uart.o
 .debug_str     0x0016499f   0x15cb94 ./Middlewares/FreeRTOS/cmsis_os2.o
 .debug_str     0x0016499f     0xb5f6 ./Middlewares/FreeRTOS/heap_4.o
 .debug_str     0x0016499f     0xacb4 ./Middlewares/FreeRTOS/list.o
 .debug_str     0x0016499f     0x885a ./Middlewares/FreeRTOS/port.o
 .debug_str     0x0016499f     0xc7f4 ./Middlewares/FreeRTOS/queue.o
 .debug_str     0x0016499f     0xd2b1 ./Middlewares/FreeRTOS/tasks.o
 .debug_str     0x0016499f     0xcd26 ./Middlewares/FreeRTOS/timers.o

.comment        0x00000000       0x43
 .comment       0x00000000       0x43 ./Core/Src/main.o
                                 0x44 (size before relaxing)
 .comment       0x00000043       0x44 ./Core/Src/stm32h7xx_hal_msp.o
 .comment       0x00000043       0x44 ./Core/Src/stm32h7xx_it.o
 .comment       0x00000043       0x44 ./Core/Src/system_stm32h7xx.o
 .comment       0x00000043       0x44 ./Drivers/BSP/STM32H7xx_Nucleo/stm32h7xx_nucleo.o
 .comment       0x00000043       0x44 ./Drivers/STM32H7xx_HAL_Driver/stm32h7xx_hal.o
 .comment       0x00000043       0x44 ./Drivers/STM32H7xx_HAL_Driver/stm32h7xx_hal_cortex.o
 .comment       0x00000043       0x44 ./Drivers/STM32H7xx_HAL_Driver/stm32h7xx_hal_exti.o
 .comment       0x00000043       0x44 ./Drivers/STM32H7xx_HAL_Driver/stm32h7xx_hal_gpio.o
 .comment       0x00000043       0x44 ./Drivers/STM32H7xx_HAL_Driver/stm32h7xx_hal_pwr_ex.o
 .comment       0x00000043       0x44 ./Drivers/STM32H7xx_HAL_Driver/stm32h7xx_hal_rcc.o
 .comment       0x00000043       0x44 ./Drivers/STM32H7xx_HAL_Driver/stm32h7xx_hal_rcc_ex.o
 .comment       0x00000043       0x44 ./Drivers/STM32H7xx_HAL_Driver/stm32h7xx_hal_uart.o
 .comment       0x00000043       0x44 ./Middlewares/FreeRTOS/cmsis_os2.o
 .comment       0x00000043       0x44 ./Middlewares/FreeRTOS/heap_4.o
 .comment       0x00000043       0x44 ./Middlewares/FreeRTOS/list.o
 .comment       0x00000043       0x44 ./Middlewares/FreeRTOS/port.o
 .comment       0x00000043       0x44 ./Middlewares/FreeRTOS/queue.o
 .comment       0x00000043       0x44 ./Middlewares/FreeRTOS/tasks.o
 .comment       0x00000043       0x44 ./Middlewares/FreeRTOS/timers.o

.debug_frame    0x00000000     0x4cd0
 .debug_frame   0x00000000       0xcc ./Core/Src/main.o
 .debug_frame   0x000000cc       0x34 ./Core/Src/stm32h7xx_hal_msp.o
 .debug_frame   0x00000100       0xe0 ./Core/Src/stm32h7xx_it.o
 .debug_frame   0x000001e0       0x78 ./Core/Src/system_stm32h7xx.o
 .debug_frame   0x00000258      0x2dc ./Drivers/BSP/STM32H7xx_Nucleo/stm32h7xx_nucleo.o
 .debug_frame   0x00000534      0x690 ./Drivers/STM32H7xx_HAL_Driver/stm32h7xx_hal.o
 .debug_frame   0x00000bc4      0x508 ./Drivers/STM32H7xx_HAL_Driver/stm32h7xx_hal_cortex.o
 .debug_frame   0x000010cc      0x174 ./Drivers/STM32H7xx_HAL_Driver/stm32h7xx_hal_exti.o
 .debug_frame   0x00001240      0x14c ./Drivers/STM32H7xx_HAL_Driver/stm32h7xx_hal_gpio.o
 .debug_frame   0x0000138c      0x580 ./Drivers/STM32H7xx_HAL_Driver/stm32h7xx_hal_pwr_ex.o
 .debug_frame   0x0000190c      0x1f8 ./Drivers/STM32H7xx_HAL_Driver/stm32h7xx_hal_rcc.o
 .debug_frame   0x00001b04      0x414 ./Drivers/STM32H7xx_HAL_Driver/stm32h7xx_hal_rcc_ex.o
 .debug_frame   0x00001f18      0xa94 ./Drivers/STM32H7xx_HAL_Driver/stm32h7xx_hal_uart.o
 .debug_frame   0x000029ac      0xbc8 ./Middlewares/FreeRTOS/cmsis_os2.o
 .debug_frame   0x00003574      0x12c ./Middlewares/FreeRTOS/heap_4.o
 .debug_frame   0x000036a0       0xd8 ./Middlewares/FreeRTOS/list.o
 .debug_frame   0x00003778      0x1a8 ./Middlewares/FreeRTOS/port.o
 .debug_frame   0x00003920      0x5ec ./Middlewares/FreeRTOS/queue.o
 .debug_frame   0x00003f0c      0x8f0 ./Middlewares/FreeRTOS/tasks.o
 .debug_frame   0x000047fc      0x400 ./Middlewares/FreeRTOS/timers.o
 .debug_frame   0x00004bfc       0x20 C:/STM32_Workspace/STM32CubeIDE_1.19.0/STM32CubeIDE/plugins/com.st.stm32cube.ide.mcu.externaltools.gnu-tools-for-stm32.13.3.rel1.win32_1.0.0.202411081344/tools/bin/../lib/gcc/arm-none-eabi/13.3.1/../../../../arm-none-eabi/lib/thumb/v7e-m+dp/hard\libc_nano.a(libc_a-memset.o)
 .debug_frame   0x00004c1c       0x2c C:/STM32_Workspace/STM32CubeIDE_1.19.0/STM32CubeIDE/plugins/com.st.stm32cube.ide.mcu.externaltools.gnu-tools-for-stm32.13.3.rel1.win32_1.0.0.202411081344/tools/bin/../lib/gcc/arm-none-eabi/13.3.1/../../../../arm-none-eabi/lib/thumb/v7e-m+dp/hard\libc_nano.a(libc_a-init.o)
 .debug_frame   0x00004c48       0x28 C:/STM32_Workspace/STM32CubeIDE_1.19.0/STM32CubeIDE/plugins/com.st.stm32cube.ide.mcu.externaltools.gnu-tools-for-stm32.13.3.rel1.win32_1.0.0.202411081344/tools/bin/../lib/gcc/arm-none-eabi/13.3.1/../../../../arm-none-eabi/lib/thumb/v7e-m+dp/hard\libc_nano.a(libc_a-memcpy-stub.o)
 .debug_frame   0x00004c70       0x2c C:/STM32_Workspace/STM32CubeIDE_1.19.0/STM32CubeIDE/plugins/com.st.stm32cube.ide.mcu.externaltools.gnu-tools-for-stm32.13.3.rel1.win32_1.0.0.202411081344/tools/bin/../lib/gcc/arm-none-eabi/13.3.1/thumb/v7e-m+dp/hard\libgcc.a(_aeabi_uldivmod.o)
 .debug_frame   0x00004c9c       0x34 C:/STM32_Workspace/STM32CubeIDE_1.19.0/STM32CubeIDE/plugins/com.st.stm32cube.ide.mcu.externaltools.gnu-tools-for-stm32.13.3.rel1.win32_1.0.0.202411081344/tools/bin/../lib/gcc/arm-none-eabi/13.3.1/thumb/v7e-m+dp/hard\libgcc.a(_udivmoddi4.o)

.debug_line_str
                0x00000000       0x52
 .debug_line_str
                0x00000000       0x52 ./Core/Startup/startup_stm32h753zitx.o
